Archive member included to satisfy reference by file (symbol)

platform/libplatform_s.a(hw_init.o)
                              secure_fw/CMakeFiles/tfm_s.dir/__/platform/ext/target/nordic_nrf/common/core/startup.o (hw_init_reset_on_boot)
platform/libplatform_s.a(system_nrf91.o)
                              secure_fw/CMakeFiles/tfm_s.dir/__/platform/ext/target/nordic_nrf/common/core/startup.o (SystemInit)
platform/libplatform_s.a(exception_info.o)
                              secure_fw/CMakeFiles/tfm_s.dir/__/platform/ext/target/nordic_nrf/common/core/startup_nrf91.o (store_and_dump_context)
platform/libplatform_s.a(tfm_hal_spm_logdev_peripheral.o)
                              platform/libplatform_s.a(exception_info.o) (tfm_hal_output_spm_log)
platform/libplatform_s.a(uart_stdout.o)
                              platform/libplatform_s.a(tfm_hal_spm_logdev_peripheral.o) (stdio_output_string)
platform/libplatform_s.a(Driver_USART.o)
                              platform/libplatform_s.a(uart_stdout.o) (Driver_USART1)
platform/libplatform_s.a(nrfx_uarte.o)
                              platform/libplatform_s.a(Driver_USART.o) (nrfx_uarte_init)
platform/libplatform_s.a(nrfx_glue.o)
                              platform/libplatform_s.a(nrfx_uarte.o) (nrfx_critical_section_enter)
secure_fw/partitions/lib/runtime/libtfm_sprt.a(crt_memmove.o)
                              platform/libplatform_s.a(nrfx_uarte.o) (memmove)
secure_fw/partitions/lib/runtime/libtfm_sprt.a(crt_memcpy.o)
                              platform/libplatform_s.a(exception_info.o) (memcpy)
secure_fw/partitions/lib/runtime/libtfm_sprt.a(crt_memset.o)
                              /home/olofjohnsson/ncs/toolchains/b2ecd2435d/opt/zephyr-sdk/arm-zephyr-eabi/bin/../lib/gcc/arm-zephyr-eabi/12.2.0/../../../../arm-zephyr-eabi/lib/thumb/v8-m.main/nofp/crt0.o (memset)
secure_fw/partitions/lib/runtime/libtfm_sprt.a(psa_interface_sfn.o)
                              secure_fw/CMakeFiles/tfm_s.dir/partitions/ns_agent_tz/psa_api_veneers_v80m.o (psa_framework_version)
secure_fw/spm/libtfm_spm.a(utilities.o)
                              secure_fw/CMakeFiles/tfm_s.dir/__/platform/ext/target/nordic_nrf/common/core/startup.o (tfm_core_panic)
secure_fw/spm/libtfm_spm.a(spm_log.o)
                              platform/libplatform_s.a(exception_info.o) (spm_log_msgval)
secure_fw/spm/libtfm_spm.a(main.o)
                              /home/olofjohnsson/ncs/toolchains/b2ecd2435d/opt/zephyr-sdk/arm-zephyr-eabi/bin/../lib/gcc/arm-zephyr-eabi/12.2.0/../../../../arm-zephyr-eabi/lib/thumb/v8-m.main/nofp/crt0.o (main)
secure_fw/spm/libtfm_spm.a(spm_ipc.o)
                              secure_fw/spm/libtfm_spm.a(main.o) (tfm_spm_init)
secure_fw/spm/libtfm_spm.a(rom_loader.o)
                              secure_fw/spm/libtfm_spm.a(spm_ipc.o) (load_a_partition_assuredly)
secure_fw/spm/libtfm_spm.a(psa_api.o)
                              secure_fw/partitions/lib/runtime/libtfm_sprt.a(psa_interface_sfn.o) (spm_handle_programmer_errors)
secure_fw/spm/libtfm_spm.a(psa_call_api.o)
                              secure_fw/partitions/lib/runtime/libtfm_sprt.a(psa_interface_sfn.o) (tfm_spm_client_psa_call)
secure_fw/spm/libtfm_spm.a(psa_version_api.o)
                              secure_fw/partitions/lib/runtime/libtfm_sprt.a(psa_interface_sfn.o) (tfm_spm_client_psa_framework_version)
secure_fw/spm/libtfm_spm.a(psa_read_write_skip_api.o)
                              secure_fw/partitions/lib/runtime/libtfm_sprt.a(psa_interface_sfn.o) (tfm_spm_partition_psa_read)
secure_fw/spm/libtfm_spm.a(backend_sfn.o)
                              secure_fw/partitions/lib/runtime/libtfm_sprt.a(psa_interface_sfn.o) (p_current_partition)
secure_fw/spm/libtfm_spm.a(tfm_spm_ns_ctx.o)
                              secure_fw/spm/libtfm_spm.a(backend_sfn.o) (tz_ns_agent_register_client_id_range)
secure_fw/spm/libtfm_spm.a(spm_local_connection.o)
                              secure_fw/spm/libtfm_spm.a(spm_ipc.o) (connection_to_handle)
secure_fw/spm/libtfm_spm.a(tfm_arch_v8m_main.o)
                              secure_fw/spm/libtfm_spm.a(main.o) (tfm_arch_set_secure_exception_priorities)
secure_fw/spm/libtfm_spm.a(ns_agent_tz_v80m.o)
                              secure_fw/CMakeFiles/tfm_s.dir/partitions/ns_agent_tz/load_info_ns_agent_tz.o (ns_agent_tz_main)
secure_fw/spm/libtfm_spm.a(tfm_hal_isolation.o)
                              secure_fw/spm/libtfm_spm.a(spm_ipc.o) (tfm_hal_bind_boundary)
secure_fw/spm/libtfm_spm.a(tfm_hal_platform_common.o)
                              secure_fw/spm/libtfm_spm.a(tfm_spm_ns_ctx.o) (tfm_hal_get_ns_VTOR)
secure_fw/spm/libtfm_spm.a(faults.o)
                              secure_fw/CMakeFiles/tfm_s.dir/__/platform/ext/target/nordic_nrf/common/core/startup_nrf91.o (SPU_IRQHandler)
secure_fw/spm/libtfm_spm.a(target_cfg.o)
                              secure_fw/spm/libtfm_spm.a(tfm_hal_platform_common.o) (enable_fault_handlers)
[...]
Memory Configuration

Name             Origin             Length             Attributes
FLASH            0x0000000000030200 0x0000000000007e00 xr
RAM              0x0000000020000000 0x000000000000a000 rw
*default*        0x0000000000000000 0xffffffffffffffff

Linker script and memory map

LOAD /home/olofjohnsson/ncs/toolchains/b2ecd2435d/opt/zephyr-sdk/arm-zephyr-eabi/bin/../lib/gcc/arm-zephyr-eabi/12.2.0/thumb/v8-m.main/nofp/crti.o
LOAD /home/olofjohnsson/ncs/toolchains/b2ecd2435d/opt/zephyr-sdk/arm-zephyr-eabi/bin/../lib/gcc/arm-zephyr-eabi/12.2.0/thumb/v8-m.main/nofp/crtbegin.o
LOAD /home/olofjohnsson/ncs/toolchains/b2ecd2435d/opt/zephyr-sdk/arm-zephyr-eabi/bin/../lib/gcc/arm-zephyr-eabi/12.2.0/../../../../arm-zephyr-eabi/lib/thumb/v8-m.main/nofp/crt0.o
LOAD secure_fw/CMakeFiles/tfm_s.dir/partitions/ns_agent_tz/psa_api_veneers_v80m.o
LOAD secure_fw/CMakeFiles/tfm_s.dir/__/platform/ext/target/nordic_nrf/common/core/startup.o
LOAD secure_fw/CMakeFiles/tfm_s.dir/__/platform/ext/target/nordic_nrf/common/core/startup_nrf91.o
LOAD secure_fw/CMakeFiles/tfm_s.dir/__/platform/ext/common/faults.o
LOAD secure_fw/CMakeFiles/tfm_s.dir/__/generated/secure_fw/partitions/crypto/auto_generated/load_info_tfm_crypto.o
LOAD secure_fw/CMakeFiles/tfm_s.dir/__/generated/secure_fw/partitions/platform/auto_generated/load_info_tfm_platform.o
LOAD secure_fw/CMakeFiles/tfm_s.dir/partitions/ns_agent_tz/load_info_ns_agent_tz.o
LOAD secure_fw/CMakeFiles/tfm_s.dir/__/platform/ext/common/syscalls_stub.o
LOAD platform/libplatform_s.a
LOAD secure_fw/partitions/lib/runtime/libtfm_sprt.a
LOAD secure_fw/spm/libtfm_spm.a
LOAD secure_fw/partitions/crypto/libtfm_psa_rot_partition_crypto.a
LOAD platform/libplatform_crypto_keys.a
LOAD secure_fw/partitions/crypto/mbedcrypto/nrf_security_src/libcrypto_service_mbedcrypto.a
LOAD secure_fw/partitions/platform/libtfm_psa_rot_partition_platform.a
LOAD secure_fw/partitions/lib/runtime/libtfm_sp_log.a
LOAD secure_fw/partitions/crypto/mbedcrypto/nrf_security_src/libmbedcrypto_base.a
LOAD secure_fw/partitions/crypto/mbedcrypto/nrf_security_src/core/nrf_oberon/libpsa_core.a
LOAD secure_fw/partitions/crypto/mbedcrypto/nrf_security_src/libnrf_security_utils.a
LOAD secure_fw/partitions/crypto/mbedcrypto/nrf_security_src/drivers/nrf_oberon/liboberon_psa_driver.a
LOAD /home/olofjohnsson/ncs/v3.1.1/nrfxlib/crypto/nrf_oberon/lib/cortex-m33/soft-float/liboberon_mbedtls_3.0.17.a
LOAD platform/libplatform_s.a
LOAD secure_fw/partitions/lib/runtime/libtfm_sprt.a
LOAD secure_fw/spm/libtfm_spm.a
LOAD secure_fw/partitions/crypto/libtfm_psa_rot_partition_crypto.a
LOAD platform/libplatform_crypto_keys.a
LOAD secure_fw/partitions/crypto/mbedcrypto/nrf_security_src/libcrypto_service_mbedcrypto.a
LOAD secure_fw/partitions/platform/libtfm_psa_rot_partition_platform.a
LOAD secure_fw/partitions/lib/runtime/libtfm_sp_log.a
LOAD secure_fw/partitions/crypto/mbedcrypto/nrf_security_src/libmbedcrypto_base.a
LOAD secure_fw/partitions/crypto/mbedcrypto/nrf_security_src/core/nrf_oberon/libpsa_core.a
LOAD secure_fw/partitions/crypto/mbedcrypto/nrf_security_src/libnrf_security_utils.a
LOAD secure_fw/partitions/crypto/mbedcrypto/nrf_security_src/drivers/nrf_oberon/liboberon_psa_driver.a
LOAD /home/olofjohnsson/ncs/v3.1.1/nrfxlib/crypto/nrf_oberon/lib/cortex-m33/soft-float/liboberon_mbedtls_3.0.17.a
LOAD platform/libplatform_s.a
LOAD secure_fw/partitions/lib/runtime/libtfm_sprt.a
LOAD secure_fw/spm/libtfm_spm.a
LOAD secure_fw/partitions/crypto/libtfm_psa_rot_partition_crypto.a
LOAD platform/libplatform_crypto_keys.a
LOAD secure_fw/partitions/crypto/mbedcrypto/nrf_security_src/libcrypto_service_mbedcrypto.a
LOAD secure_fw/partitions/platform/libtfm_psa_rot_partition_platform.a
LOAD secure_fw/partitions/lib/runtime/libtfm_sp_log.a
LOAD secure_fw/partitions/crypto/mbedcrypto/nrf_security_src/libmbedcrypto_base.a
LOAD secure_fw/partitions/crypto/mbedcrypto/nrf_security_src/core/nrf_oberon/libpsa_core.a
LOAD secure_fw/partitions/crypto/mbedcrypto/nrf_security_src/libnrf_security_utils.a
LOAD secure_fw/partitions/crypto/mbedcrypto/nrf_security_src/drivers/nrf_oberon/liboberon_psa_driver.a
LOAD /home/olofjohnsson/ncs/v3.1.1/nrfxlib/crypto/nrf_oberon/lib/cortex-m33/soft-float/liboberon_mbedtls_3.0.17.a
LOAD /home/olofjohnsson/ncs/v3.1.1/nrfxlib/crypto/nrf_cc310_platform/lib/cortex-m33/soft-float/no-interrupts/libnrf_cc310_platform_0.9.19.a
LOAD /home/olofjohnsson/ncs/v3.1.1/nrfxlib/crypto/nrf_oberon/lib/cortex-m33/soft-float/liboberon_3.0.17.a
START GROUP
LOAD /home/olofjohnsson/ncs/toolchains/b2ecd2435d/opt/zephyr-sdk/arm-zephyr-eabi/bin/../lib/gcc/arm-zephyr-eabi/12.2.0/thumb/v8-m.main/nofp/libgcc.a
LOAD /home/olofjohnsson/ncs/toolchains/b2ecd2435d/opt/zephyr-sdk/arm-zephyr-eabi/bin/../lib/gcc/arm-zephyr-eabi/12.2.0/../../../../arm-zephyr-eabi/lib/thumb/v8-m.main/nofp/libc_nano.a
END GROUP
START GROUP
LOAD /home/olofjohnsson/ncs/toolchains/b2ecd2435d/opt/zephyr-sdk/arm-zephyr-eabi/bin/../lib/gcc/arm-zephyr-eabi/12.2.0/thumb/v8-m.main/nofp/libgcc.a
LOAD /home/olofjohnsson/ncs/toolchains/b2ecd2435d/opt/zephyr-sdk/arm-zephyr-eabi/bin/../lib/gcc/arm-zephyr-eabi/12.2.0/../../../../arm-zephyr-eabi/lib/thumb/v8-m.main/nofp/libc_nano.a
LOAD /home/olofjohnsson/ncs/toolchains/b2ecd2435d/opt/zephyr-sdk/arm-zephyr-eabi/bin/../lib/gcc/arm-zephyr-eabi/12.2.0/../../../../arm-zephyr-eabi/lib/thumb/v8-m.main/nofp/libnosys.a
END GROUP
START GROUP
LOAD /home/olofjohnsson/ncs/toolchains/b2ecd2435d/opt/zephyr-sdk/arm-zephyr-eabi/bin/../lib/gcc/arm-zephyr-eabi/12.2.0/thumb/v8-m.main/nofp/libgcc.a
LOAD /home/olofjohnsson/ncs/toolchains/b2ecd2435d/opt/zephyr-sdk/arm-zephyr-eabi/bin/../lib/gcc/arm-zephyr-eabi/12.2.0/../../../../arm-zephyr-eabi/lib/thumb/v8-m.main/nofp/libc_nano.a
LOAD /home/olofjohnsson/ncs/toolchains/b2ecd2435d/opt/zephyr-sdk/arm-zephyr-eabi/bin/../lib/gcc/arm-zephyr-eabi/12.2.0/../../../../arm-zephyr-eabi/lib/thumb/v8-m.main/nofp/libnosys.a
END GROUP
LOAD /home/olofjohnsson/ncs/toolchains/b2ecd2435d/opt/zephyr-sdk/arm-zephyr-eabi/bin/../lib/gcc/arm-zephyr-eabi/12.2.0/thumb/v8-m.main/nofp/crtend.o
LOAD /home/olofjohnsson/ncs/toolchains/b2ecd2435d/opt/zephyr-sdk/arm-zephyr-eabi/bin/../lib/gcc/arm-zephyr-eabi/12.2.0/thumb/v8-m.main/nofp/crtn.o
                0x0000000000000800                __msp_stack_size__ = 0x800
                0x0000000000030200                Image$$PT_RO_START$$Base = ADDR (.TFM_VECTORS)

.TFM_VECTORS    0x0000000000030200      0x144
                0x0000000000030200                __vectors_start__ = .
 *(.vectors)
 .vectors       0x0000000000030200      0x144 secure_fw/CMakeFiles/tfm_s.dir/__/platform/ext/target/nordic_nrf/common/core/startup_nrf91.o
                0x0000000000030200                __Vectors
                0x0000000000030344                . = ALIGN (0x4)
                0x0000000000030344                __vectors_end__ = .
                0x0000000000000001                ASSERT ((__vectors_start__ != __vectors_end__), .vectors should not be empty)
                0x0000000000000001                ASSERT ((. <= (ADDR (.TFM_VECTORS) + 0x144)), .TFM_VECTORS section size overflow.)
                0x0000000000030344                . = (ADDR (.TFM_VECTORS) + 0x144)

.TFM_SP_LOAD_LIST
                0x0000000000030344       0xd4
 *(.part_load_priority_00)
 .part_load_priority_00
                0x0000000000030344       0x38 secure_fw/CMakeFiles/tfm_s.dir/partitions/ns_agent_tz/load_info_ns_agent_tz.o
                0x0000000000030344                tfm_sp_ns_agent_tz_load
 *(.part_load_priority_01)
 *(.part_load_priority_02)
 .part_load_priority_02
                0x000000000003037c       0x50 secure_fw/CMakeFiles/tfm_s.dir/__/generated/secure_fw/partitions/crypto/auto_generated/load_info_tfm_crypto.o
                0x000000000003037c                tfm_sp_crypto_load
 .part_load_priority_02
                0x00000000000303cc       0x4c secure_fw/CMakeFiles/tfm_s.dir/__/generated/secure_fw/partitions/platform/auto_generated/load_info_tfm_platform.o
                0x00000000000303cc                tfm_sp_platform_load
 *(.part_load_priority_03)
                0x0000000000030344                Image$$TFM_SP_LOAD_LIST$$RO$$Base = ADDR (.TFM_SP_LOAD_LIST)
                0x0000000000030418                Image$$TFM_SP_LOAD_LIST$$RO$$Limit = (ADDR (.TFM_SP_LOAD_LIST) + SIZEOF (.TFM_SP_LOAD_LIST))
                0x0000000000030420                . = ALIGN (0x20)
                0x0000000000030420                Image$$TFM_PSA_CODE_START$$Base = .

.TFM_PSA_ROT_LINKER
                0x0000000000030420      0x420
 *tfm_psa_rot_partition*:(SORT_BY_ALIGNMENT(.text*))
 .text.tfm_crypto_clear_scratch
                0x0000000000030420       0x20 secure_fw/partitions/crypto/libtfm_psa_rot_partition_crypto.a(crypto_init.o)
 .text.tfm_crypto_api_dispatcher
                0x0000000000030440       0xb0 secure_fw/partitions/crypto/libtfm_psa_rot_partition_crypto.a(crypto_init.o)
                0x0000000000030440                tfm_crypto_api_dispatcher
 .text.tfm_crypto_sfn
                0x00000000000304f0      0x17c secure_fw/partitions/crypto/libtfm_psa_rot_partition_crypto.a(crypto_init.o)
                0x00000000000304f0                tfm_crypto_sfn
 .text.tfm_crypto_init_alloc
                0x000000000003066c       0x14 secure_fw/partitions/crypto/libtfm_psa_rot_partition_crypto.a(crypto_alloc.o)
                0x000000000003066c                tfm_crypto_init_alloc
 .text.tfm_crypto_library_get_info
                0x0000000000030680       0x1c secure_fw/partitions/crypto/libtfm_psa_rot_partition_crypto.a(crypto_library.o)
                0x0000000000030680                tfm_crypto_library_get_info
 .text.tfm_crypto_core_library_init
                0x000000000003069c       0x14 secure_fw/partitions/crypto/libtfm_psa_rot_partition_crypto.a(crypto_library.o)
                0x000000000003069c                tfm_crypto_core_library_init
 .text.tfm_crypto_init
                0x00000000000306b0       0x1c secure_fw/partitions/crypto/libtfm_psa_rot_partition_crypto.a(crypto_init.o)
                0x00000000000306b0                tfm_crypto_init
 .text.tfm_crypto_cipher_interface
                0x00000000000306cc        0x6 secure_fw/partitions/crypto/libtfm_psa_rot_partition_crypto.a(crypto_cipher.o)
                0x00000000000306cc                tfm_crypto_cipher_interface
 .text.tfm_crypto_hash_interface
                0x00000000000306d2        0x6 secure_fw/partitions/crypto/libtfm_psa_rot_partition_crypto.a(crypto_hash.o)
                0x00000000000306d2                tfm_crypto_hash_interface
 .text.tfm_crypto_mac_interface
                0x00000000000306d8        0x6 secure_fw/partitions/crypto/libtfm_psa_rot_partition_crypto.a(crypto_mac.o)
                0x00000000000306d8                tfm_crypto_mac_interface
 .text.tfm_crypto_aead_interface
                0x00000000000306de        0x6 secure_fw/partitions/crypto/libtfm_psa_rot_partition_crypto.a(crypto_aead.o)
                0x00000000000306de                tfm_crypto_aead_interface
 .text.tfm_crypto_asymmetric_sign_interface
                0x00000000000306e4        0x6 secure_fw/partitions/crypto/libtfm_psa_rot_partition_crypto.a(crypto_asymmetric.o)
                0x00000000000306e4                tfm_crypto_asymmetric_sign_interface
 .text.tfm_crypto_asymmetric_encrypt_interface
                0x00000000000306ea        0x6 secure_fw/partitions/crypto/libtfm_psa_rot_partition_crypto.a(crypto_asymmetric.o)
                0x00000000000306ea                tfm_crypto_asymmetric_encrypt_interface
 .text.tfm_crypto_key_derivation_interface
                0x00000000000306f0        0x6 secure_fw/partitions/crypto/libtfm_psa_rot_partition_crypto.a(crypto_key_derivation.o)
                0x00000000000306f0                tfm_crypto_key_derivation_interface
 .text.tfm_crypto_key_management_interface
                0x00000000000306f6        0x6 secure_fw/partitions/crypto/libtfm_psa_rot_partition_crypto.a(crypto_key_management.o)
                0x00000000000306f6                tfm_crypto_key_management_interface
 .text.tfm_crypto_random_interface
                0x00000000000306fc        0x8 secure_fw/partitions/crypto/libtfm_psa_rot_partition_crypto.a(crypto_rng.o)
                0x00000000000306fc                tfm_crypto_random_interface
 .text.tfm_crypto_pake_interface
                0x0000000000030704        0x6 secure_fw/partitions/crypto/libtfm_psa_rot_partition_crypto.a(crypto_pake.o)
                0x0000000000030704                tfm_crypto_pake_interface
 .text.tfm_platform_service_sfn
                0x000000000003070a      0x114 secure_fw/partitions/platform/libtfm_psa_rot_partition_platform.a(platform_sp.o)
                0x000000000003070a                tfm_platform_service_sfn
 .text.platform_sp_init
                0x000000000003081e        0x4 secure_fw/partitions/platform/libtfm_psa_rot_partition_platform.a(platform_sp.o)
                0x000000000003081e                platform_sp_init
 *tfm_psa_rot_partition*:(SORT_BY_ALIGNMENT(.rodata*))
 .rodata.tfm_crypto_library_get_info.str1.1
                0x0000000000030822        0xf secure_fw/partitions/crypto/libtfm_psa_rot_partition_crypto.a(crypto_library.o)
 *(TFM_*_PSA-ROT_ATTR_FN)
                0x0000000000030840                . = ALIGN (0x20)
 *fill*         0x0000000000030831        0xf 
                0x0000000000030420                Image$$TFM_PSA_ROT_LINKER$$RO$$Base = ADDR (.TFM_PSA_ROT_LINKER)
                0x0000000000030840                Image$$TFM_PSA_ROT_LINKER$$RO$$Limit = (ADDR (.TFM_PSA_ROT_LINKER) + SIZEOF (.TFM_PSA_ROT_LINKER))
                0x0000000000030420                Image$$TFM_PSA_ROT_LINKER$$Base = ADDR (.TFM_PSA_ROT_LINKER)
                0x0000000000030840                Image$$TFM_PSA_ROT_LINKER$$Limit = (ADDR (.TFM_PSA_ROT_LINKER) + SIZEOF (.TFM_PSA_ROT_LINKER))
                0x0000000000030840                Image$$TFM_PSA_CODE_END$$Base = .
                0x0000000000030840                Image$$TFM_APP_CODE_START$$Base = .

.TFM_APP_ROT_LINKER
                0x0000000000030840        0x0
 *tfm_app_rot_partition*:(SORT_BY_ALIGNMENT(.text*))
 *tfm_app_rot_partition*:(SORT_BY_ALIGNMENT(.rodata*))
 *(TFM_*_APP-ROT_ATTR_FN)
                0x0000000000030840                . = ALIGN (0x20)
                0x0000000000030840                Image$$TFM_APP_ROT_LINKER$$RO$$Base = ADDR (.TFM_APP_ROT_LINKER)
                0x0000000000030840                Image$$TFM_APP_ROT_LINKER$$RO$$Limit = (ADDR (.TFM_APP_ROT_LINKER) + SIZEOF (.TFM_APP_ROT_LINKER))
                0x0000000000030840                Image$$TFM_APP_ROT_LINKER$$Base = ADDR (.TFM_APP_ROT_LINKER)
                0x0000000000030840                Image$$TFM_APP_ROT_LINKER$$Limit = (ADDR (.TFM_APP_ROT_LINKER) + SIZEOF (.TFM_APP_ROT_LINKER))
                0x0000000000030840                Image$$TFM_APP_CODE_END$$Base = .

.ARM.extab
 *(.ARM.extab* .gnu.linkonce.armextab.*)
                0x0000000000030840                __exidx_start = .

.ARM.exidx      0x0000000000030840        0x8
 *(.ARM.exidx* .gnu.linkonce.armexidx.*)
 .ARM.exidx     0x0000000000030840        0x8 /home/olofjohnsson/ncs/toolchains/b2ecd2435d/opt/zephyr-sdk/arm-zephyr-eabi/bin/../lib/gcc/arm-zephyr-eabi/12.2.0/../../../../arm-zephyr-eabi/lib/thumb/v8-m.main/nofp/crt0.o
                                         0x10 (size before relaxing)
                0x0000000000030848                __exidx_end = .

.ER_TFM_CODE    0x0000000000030848     0x3133
                0x0000000000030848                . = ALIGN (0x4)
                0x0000000000030848                PROVIDE (__preinit_array_start = .)
 *(.preinit_array)
                0x0000000000030848                PROVIDE (__preinit_array_end = .)
                0x0000000000030848                . = ALIGN (0x4)
                0x0000000000030848                PROVIDE (__init_array_start = .)
 *(SORT_BY_NAME(.init_array.*))
 *(.init_array)
 .init_array    0x0000000000030848        0x4 /home/olofjohnsson/ncs/toolchains/b2ecd2435d/opt/zephyr-sdk/arm-zephyr-eabi/bin/../lib/gcc/arm-zephyr-eabi/12.2.0/thumb/v8-m.main/nofp/crtbegin.o
                0x000000000003084c                PROVIDE (__init_array_end = .)
                0x000000000003084c                . = ALIGN (0x4)
                [!provide]                        PROVIDE (__fini_array_start = .)
 *(SORT_BY_NAME(.fini_array.*))
 *(.fini_array)
 .fini_array    0x000000000003084c        0x4 /home/olofjohnsson/ncs/toolchains/b2ecd2435d/opt/zephyr-sdk/arm-zephyr-eabi/bin/../lib/gcc/arm-zephyr-eabi/12.2.0/thumb/v8-m.main/nofp/crtbegin.o
                [!provide]                        PROVIDE (__fini_array_end = .)
                0x0000000000030850                . = ALIGN (0x4)
                0x0000000000030850                __copy_table_start__ = .
                0x0000000000030850        0x4 LONG 0x37c40 LOADADDR (.TFM_DATA)
                0x0000000000030854        0x4 LONG 0x20001080 ADDR (.TFM_DATA)
                0x0000000000030858        0x4 LONG 0x47 (SIZEOF (.TFM_DATA) / 0x4)
                0x000000000003085c        0x4 LONG 0x37c40 LOADADDR (.TFM_PSA_ROT_LINKER_DATA)
                0x0000000000030860        0x4 LONG 0x20000c20 ADDR (.TFM_PSA_ROT_LINKER_DATA)
                0x0000000000030864        0x4 LONG 0x0 (SIZEOF (.TFM_PSA_ROT_LINKER_DATA) / 0x4)
                0x0000000000030868        0x4 LONG 0x37c40 LOADADDR (.TFM_APP_ROT_LINKER_DATA)
                0x000000000003086c        0x4 LONG 0x20000c00 ADDR (.TFM_APP_ROT_LINKER_DATA)
                0x0000000000030870        0x4 LONG 0x0 (SIZEOF (.TFM_APP_ROT_LINKER_DATA) / 0x4)
                0x0000000000030874                __copy_table_end__ = .
                0x0000000000030874                . = ALIGN (0x4)
                0x0000000000030874                __zero_table_start__ = .
                0x0000000000030874        0x4 LONG 0x2000119c ADDR (.TFM_BSS)
                0x0000000000030878        0x4 LONG 0x5c2 (SIZEOF (.TFM_BSS) / 0x4)
                0x000000000003087c        0x4 LONG 0x20000c20 ADDR (.TFM_PSA_ROT_LINKER_BSS)
                0x0000000000030880        0x4 LONG 0x118 (SIZEOF (.TFM_PSA_ROT_LINKER_BSS) / 0x4)
                0x0000000000030884        0x4 LONG 0x20000c00 ADDR (.TFM_APP_ROT_LINKER_BSS)
                0x0000000000030888        0x4 LONG 0x8 (SIZEOF (.TFM_APP_ROT_LINKER_BSS) / 0x4)
                0x000000000003088c                __zero_table_end__ = .
 *startup*(.text*)
 .text.default_irq_handler
                0x000000000003088c        0x4 secure_fw/CMakeFiles/tfm_s.dir/__/platform/ext/target/nordic_nrf/common/core/startup.o
                0x000000000003088c                default_irq_handler
 .text.Reset_Handler
                0x0000000000030890       0xd4 secure_fw/CMakeFiles/tfm_s.dir/__/platform/ext/target/nordic_nrf/common/core/startup.o
                0x0000000000030890                Reset_Handler
 .text.default_tfm_IRQHandler
                0x0000000000030964       0x1c secure_fw/CMakeFiles/tfm_s.dir/__/platform/ext/target/nordic_nrf/common/core/startup_nrf91.o
                0x0000000000030964                TIMER2_IRQHandler
                0x0000000000030964                DebugMon_Handler
                0x0000000000030964                RTC0_IRQHandler
                0x0000000000030964                SysTick_Handler
                0x0000000000030964                PWM1_IRQHandler
                0x0000000000030964                PendSV_Handler
                0x0000000000030964                NMI_Handler
                0x0000000000030964                PDM_IRQHandler
                0x0000000000030964                default_tfm_IRQHandler
                0x0000000000030964                IPC_IRQHandler
                0x0000000000030964                PWM3_IRQHandler
                0x0000000000030964                FPU_IRQHandler
                0x0000000000030964                EGU3_IRQHandler
                0x0000000000030964                KMU_IRQHandler
                0x0000000000030964                CRYPTOCELL_IRQHandler
                0x0000000000030964                I2S_IRQHandler
                0x0000000000030964                EGU2_IRQHandler
                0x0000000000030964                TIMER0_IRQHandler
                0x0000000000030964                EGU4_IRQHandler
                0x0000000000030964                EGU0_IRQHandler
                0x0000000000030964                GPIOTE1_IRQHandler
                0x0000000000030964                TIMER1_IRQHandler
                0x0000000000030964                PWM2_IRQHandler
                0x0000000000030964                EGU1_IRQHandler
                0x0000000000030964                EGU5_IRQHandler
                0x0000000000030964                UARTE3_SPIM3_SPIS3_TWIM3_TWIS3_IRQHandler
                0x0000000000030964                SAADC_IRQHandler
                0x0000000000030964                GPIOTE0_IRQHandler
                0x0000000000030964                WDT_IRQHandler
                0x0000000000030964                SPIM0_SPIS0_TWIM0_TWIS0_UARTE0_IRQHandler
                0x0000000000030964                SPIM2_SPIS2_TWIM2_TWIS2_UARTE2_IRQHandler
                0x0000000000030964                PWM0_IRQHandler
                0x0000000000030964                RTC1_IRQHandler
                0x0000000000030964                SPIM1_SPIS1_TWIM1_TWIS1_UARTE1_IRQHandler
                0x0000000000030964                CLOCK_POWER_IRQHandler
 *libplatform_s*:(SORT_BY_ALIGNMENT(.text*))
 .text.hw_init_reset_on_boot
                0x0000000000030980       0xd0 platform/libplatform_s.a(hw_init.o)
                0x0000000000030980                hw_init_reset_on_boot
 .text.uicr_HFXOCNT_erased
                0x0000000000030a50       0x40 platform/libplatform_s.a(system_nrf91.o)
 .text.uicr_HFXOSRC_erased
                0x0000000000030a90       0x3c platform/libplatform_s.a(system_nrf91.o)
 .text.SystemInit
                0x0000000000030acc      0x1c8 platform/libplatform_s.a(system_nrf91.o)
                0x0000000000030acc                SystemInit
 .text.tfm_exception_info_get_context
                0x0000000000030c94        0xc platform/libplatform_s.a(exception_info.o)
                0x0000000000030c94                tfm_exception_info_get_context
 .text.store_and_dump_context
                0x0000000000030ca0      0x118 platform/libplatform_s.a(exception_info.o)
                0x0000000000030ca0                store_and_dump_context
 .text.stdio_output_string
                0x0000000000030db8       0x40 platform/libplatform_s.a(uart_stdout.o)
                0x0000000000030db8                stdio_output_string
 .text.stdio_init
                0x0000000000030df8       0x34 platform/libplatform_s.a(uart_stdout.o)
                0x0000000000030df8                stdio_init
 .text.ARM_USART_GetVersion
                0x0000000000030e2c       0x20 platform/libplatform_s.a(Driver_USART.o)
 .text.ARM_USART1_GetTxCount
                0x0000000000030e4c        0xc platform/libplatform_s.a(Driver_USART.o)
 .text.ARM_USART1_GetRxCount
                0x0000000000030e58        0xc platform/libplatform_s.a(Driver_USART.o)
 .text.ARM_USART1_Uninitialize
                0x0000000000030e64       0x18 platform/libplatform_s.a(Driver_USART.o)
 .text.ARM_USART1_Receive
                0x0000000000030e7c       0x3c platform/libplatform_s.a(Driver_USART.o)
 .text.ARM_USARTx_Send.constprop.0
                0x0000000000030eb8       0x78 platform/libplatform_s.a(Driver_USART.o)
 .text.ARM_USART1_Control
                0x0000000000030f30      0x178 platform/libplatform_s.a(Driver_USART.o)
 .text.ARM_USART1_Initialize
                0x00000000000310a8       0x6c platform/libplatform_s.a(Driver_USART.o)
 .text.on_rx_disabled
                0x0000000000031114       0x64 platform/libplatform_s.a(nrfx_uarte.o)
 .text.nrf_gpio_cfg_input.constprop.0
                0x0000000000031178       0x30 platform/libplatform_s.a(nrfx_uarte.o)
 .text.blocking_tx
                0x00000000000311a8      0x1b8 platform/libplatform_s.a(nrfx_uarte.o)
 .text.nrf_gpio_pin_set
                0x0000000000031360       0x18 platform/libplatform_s.a(nrfx_uarte.o)
 .text.nrf_gpio_cfg_output
                0x0000000000031378       0x34 platform/libplatform_s.a(nrfx_uarte.o)
 .text.uarte_configure
                0x00000000000313ac      0x178 platform/libplatform_s.a(nrfx_uarte.o)
 .text.nrf_gpio_cfg_default
                0x0000000000031524       0x34 platform/libplatform_s.a(nrfx_uarte.o)
 .text.nrfx_uarte_init
                0x0000000000031558      0x16c platform/libplatform_s.a(nrfx_uarte.o)
                0x0000000000031558                nrfx_uarte_init
 .text.nrfx_uarte_tx
                0x00000000000316c4       0xd8 platform/libplatform_s.a(nrfx_uarte.o)
                0x00000000000316c4                nrfx_uarte_tx
 .text.nrfx_uarte_tx_abort
                0x000000000003179c       0xb8 platform/libplatform_s.a(nrfx_uarte.o)
                0x000000000003179c                nrfx_uarte_tx_abort
 .text.nrfx_uarte_rx_enable
                0x0000000000031854      0x14c platform/libplatform_s.a(nrfx_uarte.o)
                0x0000000000031854                nrfx_uarte_rx_enable
 .text.nrfx_uarte_rx_buffer_set
                0x00000000000319a0      0x190 platform/libplatform_s.a(nrfx_uarte.o)
                0x00000000000319a0                nrfx_uarte_rx_buffer_set
 .text.nrfx_uarte_rx_abort
                0x0000000000031b30      0x150 platform/libplatform_s.a(nrfx_uarte.o)
                0x0000000000031b30                nrfx_uarte_rx_abort
 .text.nrfx_uarte_uninit
                0x0000000000031c80       0xd0 platform/libplatform_s.a(nrfx_uarte.o)
                0x0000000000031c80                nrfx_uarte_uninit
 .text.nrfx_uarte_rx_ready
                0x0000000000031d50       0x54 platform/libplatform_s.a(nrfx_uarte.o)
                0x0000000000031d50                nrfx_uarte_rx_ready
 .text.nrfx_uarte_rx
                0x0000000000031da4       0x84 platform/libplatform_s.a(nrfx_uarte.o)
                0x0000000000031da4                nrfx_uarte_rx
 .text.nrfx_critical_section_enter
                0x0000000000031e28       0x10 platform/libplatform_s.a(nrfx_glue.o)
                0x0000000000031e28                nrfx_critical_section_enter
 .text.nrfx_critical_section_exit
                0x0000000000031e38       0x14 platform/libplatform_s.a(nrfx_glue.o)
                0x0000000000031e38                nrfx_critical_section_exit
 .text.mpu_armv8m_enable
                0x0000000000031e4c       0x34 platform/libplatform_s.a(mpu_armv8m_drv.o)
                0x0000000000031e4c                mpu_armv8m_enable
 .text.spu_enable_interrupts
                0x0000000000031e80       0x10 platform/libplatform_s.a(spu.o)
                0x0000000000031e80                spu_enable_interrupts
 .text.spu_events_get
                0x0000000000031e90       0x28 platform/libplatform_s.a(spu.o)
                0x0000000000031e90                spu_events_get
 .text.spu_clear_events
                0x0000000000031eb8       0x24 platform/libplatform_s.a(spu.o)
                0x0000000000031eb8                spu_clear_events
 .text.spu_regions_reset_unlocked_secure
                0x0000000000031edc       0x3c platform/libplatform_s.a(spu.o)
                0x0000000000031edc                spu_regions_reset_unlocked_secure
 .text.spu_regions_flash_config
                0x0000000000031f18       0x2c platform/libplatform_s.a(spu.o)
                0x0000000000031f18                spu_regions_flash_config
 .text.spu_regions_sram_config
                0x0000000000031f44       0x34 platform/libplatform_s.a(spu.o)
                0x0000000000031f44                spu_regions_sram_config
 .text.spu_regions_flash_config_non_secure_callable
                0x0000000000031f78       0x30 platform/libplatform_s.a(spu.o)
                0x0000000000031f78                spu_regions_flash_config_non_secure_callable
 .text.spu_regions_sram_get_last_address_in_region
                0x0000000000031fa8        0xc platform/libplatform_s.a(spu.o)
                0x0000000000031fa8                spu_regions_sram_get_last_address_in_region
 .text.spu_peripheral_config_secure
                0x0000000000031fb4       0x1c platform/libplatform_s.a(spu.o)
                0x0000000000031fb4                spu_peripheral_config_secure
 .text.spu_peripheral_config_non_secure
                0x0000000000031fd0       0x18 platform/libplatform_s.a(spu.o)
                0x0000000000031fd0                spu_peripheral_config_non_secure
 .text.nrf_exception_info_store_context
                0x0000000000031fe8       0x20 platform/libplatform_s.a(nrf_exception_info.o)
                0x0000000000031fe8                nrf_exception_info_store_context
 .text.nrf_exception_info_get_context
                0x0000000000032008        0xc platform/libplatform_s.a(nrf_exception_info.o)
                0x0000000000032008                nrf_exception_info_get_context
 .text.tfm_hal_platform_init
                0x0000000000032014       0x44 platform/libplatform_s.a(tfm_hal_platform.o)
                0x0000000000032014                tfm_hal_platform_init
 .text.ns_fault_service_set_handler
                0x0000000000032058       0x14 platform/libplatform_s.a(ns_fault_service.o)
                0x0000000000032058                ns_fault_service_set_handler
 .text.call_ns_callback
                0x000000000003206c       0xa8 platform/libplatform_s.a(ns_fault_service.o)
                0x000000000003206c                call_ns_callback
 .text.ns_fault_service_call_handler
                0x0000000000032114       0x34 platform/libplatform_s.a(ns_fault_service.o)
                0x0000000000032114                ns_fault_service_call_handler
 .text.tfm_platform_hal_system_reset
                0x0000000000032148       0x24 platform/libplatform_s.a(tfm_platform_system.o)
                0x0000000000032148                tfm_platform_hal_system_reset
 .text.tfm_platform_hal_ioctl
                0x000000000003216c      0x110 platform/libplatform_s.a(tfm_platform_system.o)
                0x000000000003216c                tfm_platform_hal_ioctl
 .text.tfm_platform_hal_read_service
                0x000000000003227c       0xbc platform/libplatform_s.a(tfm_platform_hal_ioctl.o)
                0x000000000003227c                tfm_platform_hal_read_service
 .text.nrf91_errata_6
                0x0000000000032338       0x1e platform/libplatform_s.a(system_nrf91.o)
 .text.nrf91_errata_14
                0x0000000000032356       0x24 platform/libplatform_s.a(system_nrf91.o)
 .text.tfm_hal_output_spm_log
                0x000000000003237a        0x4 platform/libplatform_s.a(tfm_hal_spm_logdev_peripheral.o)
                0x000000000003237a                tfm_hal_output_spm_log
 .text.ARM_USART_GetCapabilities
                0x000000000003237e        0x4 platform/libplatform_s.a(Driver_USART.o)
 .text.ARM_USART_Transfer
                0x0000000000032382        0x6 platform/libplatform_s.a(Driver_USART.o)
 .text.ARM_USART_GetStatus
                0x0000000000032388        0xc platform/libplatform_s.a(Driver_USART.o)
 .text.ARM_USART_SetModemControl
                0x0000000000032394        0x6 platform/libplatform_s.a(Driver_USART.o)
 .text.ARM_USART_GetModemStatus
                0x000000000003239a        0xc platform/libplatform_s.a(Driver_USART.o)
 .text.ARM_USART1_PowerControl
                0x00000000000323a6        0xc platform/libplatform_s.a(Driver_USART.o)
 .text.ARM_USART1_Send
                0x00000000000323b2        0x4 platform/libplatform_s.a(Driver_USART.o)
 .text.uart_config_set_uart_pins
                0x00000000000323b6       0x3e platform/libplatform_s.a(Driver_USART.o)
                0x00000000000323b6                uart_config_set_uart_pins
 .text.is_tx_ready
                0x00000000000323f4       0x1a platform/libplatform_s.a(nrfx_uarte.o)
 .text.user_handler
                0x000000000003240e       0x22 platform/libplatform_s.a(nrfx_uarte.o)
 .text.user_handler_on_rx_done
                0x0000000000032430       0x28 platform/libplatform_s.a(nrfx_uarte.o)
 .text.disable_hw_from_rx
                0x0000000000032458       0x24 platform/libplatform_s.a(nrfx_uarte.o)
 .text.disable_hw_from_tx
                0x000000000003247c       0x16 platform/libplatform_s.a(nrfx_uarte.o)
 .text.tx_prepare_start.isra.0
                0x0000000000032492       0x7e platform/libplatform_s.a(nrfx_uarte.o)
 .text.mpu_armv8m_region_enable
                0x0000000000032510       0x6a platform/libplatform_s.a(mpu_armv8m_drv.o)
                0x0000000000032510                mpu_armv8m_region_enable
 .text.mpu_armv8m_region_disable
                0x000000000003257a       0x14 platform/libplatform_s.a(mpu_armv8m_drv.o)
                0x000000000003257a                mpu_armv8m_region_disable
 .text.mpu_armv8m_clean
                0x000000000003258e       0x22 platform/libplatform_s.a(mpu_armv8m_drv.o)
                0x000000000003258e                mpu_armv8m_clean
 .text.spu_regions_flash_get_base_address_in_region
                0x00000000000325b0        0x4 platform/libplatform_s.a(spu.o)
                0x00000000000325b0                spu_regions_flash_get_base_address_in_region
 .text.spu_regions_flash_get_last_address_in_region
                0x00000000000325b4        0xa platform/libplatform_s.a(spu.o)
                0x00000000000325b4                spu_regions_flash_get_last_address_in_region
 .text.spu_regions_flash_get_start_id
                0x00000000000325be        0x4 platform/libplatform_s.a(spu.o)
                0x00000000000325be                spu_regions_flash_get_start_id
 .text.spu_regions_flash_get_last_id
                0x00000000000325c2        0x4 platform/libplatform_s.a(spu.o)
                0x00000000000325c2                spu_regions_flash_get_last_id
 .text.spu_regions_flash_get_region_size
                0x00000000000325c6        0x6 platform/libplatform_s.a(spu.o)
                0x00000000000325c6                spu_regions_flash_get_region_size
 .text.spu_regions_sram_get_base_address_in_region
                0x00000000000325cc        0xa platform/libplatform_s.a(spu.o)
                0x00000000000325cc                spu_regions_sram_get_base_address_in_region
 .text.spu_regions_sram_get_start_id
                0x00000000000325d6        0x4 platform/libplatform_s.a(spu.o)
                0x00000000000325d6                spu_regions_sram_get_start_id
 .text.spu_regions_sram_get_last_id
                0x00000000000325da        0x4 platform/libplatform_s.a(spu.o)
                0x00000000000325da                spu_regions_sram_get_last_id
 .text.spu_regions_sram_get_region_size
                0x00000000000325de        0x6 platform/libplatform_s.a(spu.o)
                0x00000000000325de                spu_regions_sram_get_region_size
 .text.tfm_plat_otp_init
                0x00000000000325e4        0x4 platform/libplatform_s.a(dummy_otp.o)
                0x00000000000325e4                tfm_plat_otp_init
 .text.tfm_hal_system_halt
                0x00000000000325e8        0xc platform/libplatform_s.a(tfm_hal_reset_halt.o)
                0x00000000000325e8                tfm_hal_system_halt
 .text.tfm_plat_provisioning_is_required
                0x00000000000325f4       0x10 platform/libplatform_s.a(dummy_provisioning.o)
                0x00000000000325f4                tfm_plat_provisioning_is_required
 .text.tfm_plat_provisioning_perform
                0x0000000000032604        0x4 platform/libplatform_s.a(dummy_provisioning.o)
                0x0000000000032604                tfm_plat_provisioning_perform
 .text.tfm_plat_provisioning_check_for_dummy_keys
                0x0000000000032608        0x2 platform/libplatform_s.a(dummy_provisioning.o)
                0x0000000000032608                tfm_plat_provisioning_check_for_dummy_keys
 .text.tfm_platform_hal_write32_service
                0x000000000003260a       0x2c platform/libplatform_s.a(tfm_platform_hal_ioctl.o)
                0x000000000003260a                tfm_platform_hal_write32_service
 *libtfm_spm*:(SORT_BY_ALIGNMENT(.text*))
 *fill*         0x0000000000032636        0x2 
 .text.spm_log_msgval
                0x0000000000032638       0x58 secure_fw/spm/libtfm_spm.a(spm_log.o)
                0x0000000000032638                spm_log_msgval
 .text.startup.main
                0x0000000000032690       0x7c secure_fw/spm/libtfm_spm.a(main.o)
                0x0000000000032690                main
 .text.tfm_spm_get_service_by_sid
                0x000000000003270c       0x2c secure_fw/spm/libtfm_spm.a(spm_ipc.o)
                0x000000000003270c                tfm_spm_get_service_by_sid
 .text.tfm_spm_check_authorization
                0x0000000000032738       0x44 secure_fw/spm/libtfm_spm.a(spm_ipc.o)
                0x0000000000032738                tfm_spm_check_authorization
 .text.spm_init_idle_connection
                0x000000000003277c       0x30 secure_fw/spm/libtfm_spm.a(spm_ipc.o)
                0x000000000003277c                spm_init_idle_connection
 .text.tfm_spm_partition_get_running_partition_id
                0x00000000000327ac       0x14 secure_fw/spm/libtfm_spm.a(spm_ipc.o)
                0x00000000000327ac                tfm_spm_partition_get_running_partition_id
 .text.tfm_spm_is_ns_caller
                0x00000000000327c0       0x20 secure_fw/spm/libtfm_spm.a(spm_ipc.o)
                0x00000000000327c0                tfm_spm_is_ns_caller
 .text.spm_get_idle_connection
                0x00000000000327e0       0x78 secure_fw/spm/libtfm_spm.a(spm_ipc.o)
                0x00000000000327e0                spm_get_idle_connection
 .text.tfm_spm_init
                0x0000000000032858       0x64 secure_fw/spm/libtfm_spm.a(spm_ipc.o)
                0x0000000000032858                tfm_spm_init
 .text.load_a_partition_assuredly
                0x00000000000328bc      0x10c secure_fw/spm/libtfm_spm.a(rom_loader.o)
                0x00000000000328bc                load_a_partition_assuredly
 .text.load_services_assuredly
                0x00000000000329c8       0xb4 secure_fw/spm/libtfm_spm.a(rom_loader.o)
                0x00000000000329c8                load_services_assuredly
 .text.spm_associate_call_params
                0x0000000000032a7c      0x188 secure_fw/spm/libtfm_spm.a(psa_call_api.o)
                0x0000000000032a7c                spm_associate_call_params
 .text.tfm_spm_partition_psa_read
                0x0000000000032c04       0x74 secure_fw/spm/libtfm_spm.a(psa_read_write_skip_api.o)
                0x0000000000032c04                tfm_spm_partition_psa_read
 .text.tfm_spm_partition_psa_write
                0x0000000000032c78       0x74 secure_fw/spm/libtfm_spm.a(psa_read_write_skip_api.o)
                0x0000000000032c78                tfm_spm_partition_psa_write
 .text.spm_init_function
                0x0000000000032cec       0x4c secure_fw/spm/libtfm_spm.a(backend_sfn.o)
 .text.backend_messaging
                0x0000000000032d38       0x48 secure_fw/spm/libtfm_spm.a(backend_sfn.o)
                0x0000000000032d38                backend_messaging
 .text.backend_replying
                0x0000000000032d80       0x10 secure_fw/spm/libtfm_spm.a(backend_sfn.o)
                0x0000000000032d80                backend_replying
 .text.backend_init_comp_assuredly
                0x0000000000032d90       0x2c secure_fw/spm/libtfm_spm.a(backend_sfn.o)
                0x0000000000032d90                backend_init_comp_assuredly
 .text.backend_system_run
                0x0000000000032dbc       0x5c secure_fw/spm/libtfm_spm.a(backend_sfn.o)
                0x0000000000032dbc                backend_system_run
 .text.tz_ns_agent_register_client_id_range
                0x0000000000032e18        0xc secure_fw/spm/libtfm_spm.a(tfm_spm_ns_ctx.o)
                0x0000000000032e18                tz_ns_agent_register_client_id_range
 .text.tfm_nspm_get_current_client_id
                0x0000000000032e24       0x14 secure_fw/spm/libtfm_spm.a(tfm_spm_ns_ctx.o)
                0x0000000000032e24                tfm_nspm_get_current_client_id
 .text.tfm_nspm_ctx_init
                0x0000000000032e38       0x18 secure_fw/spm/libtfm_spm.a(tfm_spm_ns_ctx.o)
                0x0000000000032e38                tfm_nspm_ctx_init
 .text.SVC_Handler
                0x0000000000032e50       0x68 secure_fw/spm/libtfm_spm.a(tfm_arch_v8m_main.o)
                0x0000000000032e50                SVC_Handler
 .text.tfm_arch_set_secure_exception_priorities
                0x0000000000032eb8       0x28 secure_fw/spm/libtfm_spm.a(tfm_arch_v8m_main.o)
                0x0000000000032eb8                tfm_arch_set_secure_exception_priorities
 .text.ns_agent_tz_main
                0x0000000000032ee0       0x30 secure_fw/spm/libtfm_spm.a(ns_agent_tz_v80m.o)
                0x0000000000032ee0                ns_agent_tz_main
 .text.tfm_hal_bind_boundary
                0x0000000000032f10       0x78 secure_fw/spm/libtfm_spm.a(tfm_hal_isolation.o)
                0x0000000000032f10                tfm_hal_bind_boundary
 .text.mpu_init_cfg
                0x0000000000032f88       0xf0 secure_fw/spm/libtfm_spm.a(tfm_hal_isolation.o)
                0x0000000000032f88                mpu_init_cfg
 .text.tfm_hal_get_ns_VTOR
                0x0000000000033078        0xc secure_fw/spm/libtfm_spm.a(tfm_hal_platform_common.o)
                0x0000000000033078                tfm_hal_get_ns_VTOR
 .text.tfm_hal_get_ns_MSP
                0x0000000000033084        0xc secure_fw/spm/libtfm_spm.a(tfm_hal_platform_common.o)
                0x0000000000033084                tfm_hal_get_ns_MSP
 .text.tfm_hal_get_ns_entry_point
                0x0000000000033090        0xc secure_fw/spm/libtfm_spm.a(tfm_hal_platform_common.o)
                0x0000000000033090                tfm_hal_get_ns_entry_point
 .text.SPU_Handler
                0x000000000003309c       0x3c secure_fw/spm/libtfm_spm.a(faults.o)
                0x000000000003309c                SPU_Handler
 .text.enable_fault_handlers
                0x00000000000330d8       0x14 secure_fw/spm/libtfm_spm.a(target_cfg.o)
                0x00000000000330d8                enable_fault_handlers
 .text.system_reset_cfg
                0x00000000000330ec       0x18 secure_fw/spm/libtfm_spm.a(target_cfg.o)
                0x00000000000330ec                system_reset_cfg
 .text.sau_and_idau_cfg
                0x0000000000033104       0x20 secure_fw/spm/libtfm_spm.a(target_cfg_53_91.o)
                0x0000000000033104                sau_and_idau_cfg
 .text.spu_init_cfg
                0x0000000000033124       0x6c secure_fw/spm/libtfm_spm.a(target_cfg_53_91.o)
                0x0000000000033124                spu_init_cfg
 .text.spu_periph_init_cfg
                0x0000000000033190       0x44 secure_fw/spm/libtfm_spm.a(target_cfg_53_91.o)
                0x0000000000033190                spu_periph_init_cfg
 .text.nvic_interrupt_target_state_cfg
                0x00000000000331d4       0x40 secure_fw/spm/libtfm_spm.a(target_cfg_53_91.o)
                0x00000000000331d4                nvic_interrupt_target_state_cfg
 .text.nvic_interrupt_enable
                0x0000000000033214       0x18 secure_fw/spm/libtfm_spm.a(target_cfg_53_91.o)
                0x0000000000033214                nvic_interrupt_enable
 .text.tfm_core_validate_boot_data
                0x000000000003322c        0xc secure_fw/spm/libtfm_spm.a(tfm_boot_data.o)
                0x000000000003322c                tfm_core_validate_boot_data
 .text.tfm_core_get_boot_data_handler
                0x0000000000033238       0x34 secure_fw/spm/libtfm_spm.a(tfm_boot_data.o)
                0x0000000000033238                tfm_core_get_boot_data_handler
 .text.spm_svc_handler
                0x000000000003326c       0x88 secure_fw/spm/libtfm_spm.a(tfm_svcalls.o)
                0x000000000003326c                spm_svc_handler
 .text.tfm_core_panic
                0x00000000000332f4        0x4 secure_fw/spm/libtfm_spm.a(utilities.o)
                0x00000000000332f4                tfm_core_panic
 .text.tfm_spm_check_client_version
                0x00000000000332f8       0x24 secure_fw/spm/libtfm_spm.a(spm_ipc.o)
                0x00000000000332f8                tfm_spm_check_client_version
 .text.spm_msg_handle_to_connection
                0x000000000003331c       0x28 secure_fw/spm/libtfm_spm.a(spm_ipc.o)
                0x000000000003331c                spm_msg_handle_to_connection
 .text.tfm_spm_get_client_id
                0x0000000000033344       0x20 secure_fw/spm/libtfm_spm.a(spm_ipc.o)
                0x0000000000033344                tfm_spm_get_client_id
 .text.load_irqs_assuredly
                0x0000000000033364        0x2 secure_fw/spm/libtfm_spm.a(rom_loader.o)
                0x0000000000033364                load_irqs_assuredly
 .text.spm_handle_programmer_errors
                0x0000000000033366       0x18 secure_fw/spm/libtfm_spm.a(psa_api.o)
                0x0000000000033366                spm_handle_programmer_errors
 .text.tfm_spm_partition_psa_reply
                0x000000000003337e       0xbc secure_fw/spm/libtfm_spm.a(psa_api.o)
                0x000000000003337e                tfm_spm_partition_psa_reply
 .text.tfm_spm_partition_psa_panic
                0x000000000003343a        0xc secure_fw/spm/libtfm_spm.a(psa_api.o)
                0x000000000003343a                tfm_spm_partition_psa_panic
 .text.tfm_spm_client_psa_call
                0x0000000000033446       0x54 secure_fw/spm/libtfm_spm.a(psa_call_api.o)
                0x0000000000033446                tfm_spm_client_psa_call
 .text.tfm_spm_client_psa_framework_version
                0x000000000003349a        0x6 secure_fw/spm/libtfm_spm.a(psa_version_api.o)
                0x000000000003349a                tfm_spm_client_psa_framework_version
 .text.tfm_spm_client_psa_version
                0x00000000000334a0       0x2c secure_fw/spm/libtfm_spm.a(psa_version_api.o)
                0x00000000000334a0                tfm_spm_client_psa_version
 .text.connection_to_handle
                0x00000000000334cc        0x6 secure_fw/spm/libtfm_spm.a(spm_local_connection.o)
                0x00000000000334cc                connection_to_handle
 .text.handle_to_connection
                0x00000000000334d2       0x12 secure_fw/spm/libtfm_spm.a(spm_local_connection.o)
                0x00000000000334d2                handle_to_connection
 .text.spm_init_connection_space
                0x00000000000334e4        0x2 secure_fw/spm/libtfm_spm.a(spm_local_connection.o)
                0x00000000000334e4                spm_init_connection_space
 .text.spm_allocate_connection
                0x00000000000334e6        0xe secure_fw/spm/libtfm_spm.a(spm_local_connection.o)
                0x00000000000334e6                spm_allocate_connection
 .text.spm_validate_connection
                0x00000000000334f4        0x4 secure_fw/spm/libtfm_spm.a(spm_local_connection.o)
                0x00000000000334f4                spm_validate_connection
 .text.spm_free_connection
                0x00000000000334f8        0xc secure_fw/spm/libtfm_spm.a(spm_local_connection.o)
                0x00000000000334f8                spm_free_connection
 .text.tfm_arch_config_extensions
                0x0000000000033504        0x2 secure_fw/spm/libtfm_spm.a(tfm_arch_v8m_main.o)
                0x0000000000033504                tfm_arch_config_extensions
 .text.tfm_hal_memory_check
                0x0000000000033506      0x132 secure_fw/spm/libtfm_spm.a(tfm_hal_isolation.o)
                0x0000000000033506                tfm_hal_memory_check
 .text.tfm_hal_set_up_static_boundaries
                0x0000000000033638       0x2a secure_fw/spm/libtfm_spm.a(tfm_hal_isolation.o)
                0x0000000000033638                tfm_hal_set_up_static_boundaries
 .text.tfm_hal_platform_common_init
                0x0000000000033662       0x36 secure_fw/spm/libtfm_spm.a(tfm_hal_platform_common.o)
                0x0000000000033662                tfm_hal_platform_common_init
 .text.SPU_IRQHandler
                0x0000000000033698       0x1c secure_fw/spm/libtfm_spm.a(faults.o)
                0x0000000000033698                SPU_IRQHandler
 .text.init_debug
                0x00000000000336b4        0x2 secure_fw/spm/libtfm_spm.a(target_cfg_53_91.o)
                0x00000000000336b4                init_debug
 .text.tfm_arch_free_msp_and_exc_ret
                0x00000000000336b6        0x8 secure_fw/spm/libtfm_spm.a(tfm_arch.o)
                0x00000000000336b6                tfm_arch_free_msp_and_exc_ret
 .text.arch_clean_stack_and_launch
                0x00000000000336be       0x18 secure_fw/spm/libtfm_spm.a(tfm_arch.o)
                0x00000000000336be                arch_clean_stack_and_launch
 *libplatform_s*:*(.rodata*)
 .rodata.CSWTCH.16
                0x00000000000336d6        0x3 platform/libplatform_s.a(system_nrf91.o)
 .rodata.store_and_dump_context.str1.1
                0x00000000000336d9       0x8b platform/libplatform_s.a(exception_info.o)
 .rodata.Driver_USART1
                0x0000000000033764       0x38 platform/libplatform_s.a(Driver_USART.o)
                0x0000000000033764                Driver_USART1
 .rodata.UART1_pins
                0x000000000003379c        0x8 platform/libplatform_s.a(Driver_USART.o)
 .rodata.DriverVersion
                0x00000000000337a4        0x4 platform/libplatform_s.a(Driver_USART.o)
 *fill*         0x00000000000337a8        0x8 
 .rodata.delay_machine_code.0
                0x00000000000337b0        0x6 platform/libplatform_s.a(nrfx_uarte.o)
 .rodata.nrf_exception_info_store_context.str1.1
                0x00000000000337b6       0x16 platform/libplatform_s.a(nrf_exception_info.o)
 .rodata.tfm_hal_platform_init.str1.1
                0x00000000000337cc       0x2e platform/libplatform_s.a(tfm_hal_platform.o)
 *fill*         0x00000000000337fa        0x2 
 .rodata.fw_info_allowed_offsets
                0x00000000000337fc       0x1c platform/libplatform_s.a(tfm_platform_system.o)
 .rodata        0x0000000000033818        0xc platform/libplatform_s.a(tfm_platform_system.o)
 .rodata.ranges
                0x0000000000033824       0x20 platform/libplatform_s.a(tfm_platform_hal_ioctl.o)
 *libtfm_spm*:*(.rodata*)
 .rodata.HEX_TABLE
                0x0000000000033844       0x10 secure_fw/spm/libtfm_spm.a(spm_log.o)
 .rodata.main.str1.1
                0x0000000000033854       0x56 secure_fw/spm/libtfm_spm.a(main.o)
 *fill*         0x00000000000338aa        0x2 
 .rodata.serv_pool_ea
                0x00000000000338ac        0x4 secure_fw/spm/libtfm_spm.a(rom_loader.o)
 .rodata.part_pool_ea
                0x00000000000338b0        0x4 secure_fw/spm/libtfm_spm.a(rom_loader.o)
 .rodata.ldinf_ea
                0x00000000000338b4        0x4 secure_fw/spm/libtfm_spm.a(rom_loader.o)
 .rodata.memory_regions
                0x00000000000338b8       0x14 secure_fw/spm/libtfm_spm.a(target_cfg.o)
                0x00000000000338b8                memory_regions
 .rodata.target_peripherals.0
                0x00000000000338cc       0x74 secure_fw/spm/libtfm_spm.a(target_cfg_53_91.o)
 .rodata.spm_svc_handler.str1.1
                0x0000000000033940       0x3b secure_fw/spm/libtfm_spm.a(tfm_svcalls.o)

.glue_7         0x000000000003397c        0x0
 .glue_7        0x000000000003397c        0x0 linker stubs

.glue_7t        0x000000000003397c        0x0
 .glue_7t       0x000000000003397c        0x0 linker stubs

.vfp11_veneer   0x000000000003397c        0x0
 .vfp11_veneer  0x000000000003397c        0x0 linker stubs

.v4_bx          0x000000000003397c        0x0
 .v4_bx         0x000000000003397c        0x0 linker stubs

.iplt           0x000000000003397c        0x0
 .iplt          0x000000000003397c        0x0 /home/olofjohnsson/ncs/toolchains/b2ecd2435d/opt/zephyr-sdk/arm-zephyr-eabi/bin/../lib/gcc/arm-zephyr-eabi/12.2.0/thumb/v8-m.main/nofp/crtbegin.o

.TFM_UNPRIV_CODE
                0x0000000000033980     0x2900
 *(SORT_BY_ALIGNMENT(.text*))
 .text          0x0000000000033980       0x88 /home/olofjohnsson/ncs/toolchains/b2ecd2435d/opt/zephyr-sdk/arm-zephyr-eabi/bin/../lib/gcc/arm-zephyr-eabi/12.2.0/thumb/v8-m.main/nofp/crtbegin.o
 .text          0x0000000000033a08       0x7c /home/olofjohnsson/ncs/toolchains/b2ecd2435d/opt/zephyr-sdk/arm-zephyr-eabi/bin/../lib/gcc/arm-zephyr-eabi/12.2.0/../../../../arm-zephyr-eabi/lib/thumb/v8-m.main/nofp/crt0.o
                0x0000000000033a08                _stack_init
                0x0000000000033a10                _mainCRTStartup
                0x0000000000033a10                _start
 .text.tfm_psa_framework_version_veneer
                0x0000000000033a84       0x24 secure_fw/CMakeFiles/tfm_s.dir/partitions/ns_agent_tz/psa_api_veneers_v80m.o
                0x0000000000033a84                __acle_se_tfm_psa_framework_version_veneer
 .text.tfm_psa_version_veneer
                0x0000000000033aa8       0x24 secure_fw/CMakeFiles/tfm_s.dir/partitions/ns_agent_tz/psa_api_veneers_v80m.o
                0x0000000000033aa8                __acle_se_tfm_psa_version_veneer
 .text.tfm_psa_call_veneer
                0x0000000000033acc       0x2c secure_fw/CMakeFiles/tfm_s.dir/partitions/ns_agent_tz/psa_api_veneers_v80m.o
                0x0000000000033acc                __acle_se_tfm_psa_call_veneer
 .text.tfm_psa_connect_veneer
                0x0000000000033af8       0x1c secure_fw/CMakeFiles/tfm_s.dir/partitions/ns_agent_tz/psa_api_veneers_v80m.o
                0x0000000000033af8                __acle_se_tfm_psa_connect_veneer
 .text.tfm_psa_close_veneer
                0x0000000000033b14       0x14 secure_fw/CMakeFiles/tfm_s.dir/partitions/ns_agent_tz/psa_api_veneers_v80m.o
                0x0000000000033b14                __acle_se_tfm_psa_close_veneer
 .text.tfm_psa_call_pack
                0x0000000000033b28       0x54 secure_fw/partitions/lib/runtime/libtfm_sprt.a(psa_interface_sfn.o)
                0x0000000000033b28                tfm_psa_call_pack
 .text.verify_header
                0x0000000000033b7c       0x40 secure_fw/partitions/crypto/mbedcrypto/nrf_security_src/libcrypto_service_mbedcrypto.a(memory_buffer_alloc.o)
 .text.verify_chain
                0x0000000000033bbc       0x3c secure_fw/partitions/crypto/mbedcrypto/nrf_security_src/libcrypto_service_mbedcrypto.a(memory_buffer_alloc.o)
 .text.buffer_alloc_calloc
                0x0000000000033bf8       0xf4 secure_fw/partitions/crypto/mbedcrypto/nrf_security_src/libcrypto_service_mbedcrypto.a(memory_buffer_alloc.o)
 .text.buffer_alloc_free
                0x0000000000033cec       0xe8 secure_fw/partitions/crypto/mbedcrypto/nrf_security_src/libcrypto_service_mbedcrypto.a(memory_buffer_alloc.o)
 .text.mbedtls_memory_buffer_alloc_init
                0x0000000000033dd4       0x64 secure_fw/partitions/crypto/mbedcrypto/nrf_security_src/libcrypto_service_mbedcrypto.a(memory_buffer_alloc.o)
                0x0000000000033dd4                mbedtls_memory_buffer_alloc_init
 .text.mbedtls_free
                0x0000000000033e38        0xc secure_fw/partitions/crypto/mbedcrypto/nrf_security_src/core/nrf_oberon/libpsa_core.a(platform.o)
                0x0000000000033e38                mbedtls_free
 .text.mbedtls_platform_set_calloc_free
                0x0000000000033e44       0x14 secure_fw/partitions/crypto/mbedcrypto/nrf_security_src/core/nrf_oberon/libpsa_core.a(platform.o)
                0x0000000000033e44                mbedtls_platform_set_calloc_free
 .text.mbedtls_platform_zeroize
                0x0000000000033e58       0x18 secure_fw/partitions/crypto/mbedcrypto/nrf_security_src/core/nrf_oberon/libpsa_core.a(platform_util.o)
                0x0000000000033e58                mbedtls_platform_zeroize
 .text.mbedcrypto__psa_generate_random
                0x0000000000033e70       0x24 secure_fw/partitions/crypto/mbedcrypto/nrf_security_src/core/nrf_oberon/libpsa_core.a(psa_crypto.o)
                0x0000000000033e70                mbedcrypto__psa_generate_random
 .text.mbedtls_psa_crypto_free
                0x0000000000033e94       0x54 secure_fw/partitions/crypto/mbedcrypto/nrf_security_src/core/nrf_oberon/libpsa_core.a(psa_crypto.o)
                0x0000000000033e94                mbedtls_psa_crypto_free
 .text.mbedcrypto__psa_crypto_init
                0x0000000000033ee8       0x7c secure_fw/partitions/crypto/mbedcrypto/nrf_security_src/core/nrf_oberon/libpsa_core.a(psa_crypto.o)
                0x0000000000033ee8                mbedcrypto__psa_crypto_init
 .text.psa_initialize_key_slots
                0x0000000000033f64       0x10 secure_fw/partitions/crypto/mbedcrypto/nrf_security_src/core/nrf_oberon/libpsa_core.a(psa_crypto_slot_management.o)
                0x0000000000033f64                psa_initialize_key_slots
 .text.psa_wipe_all_key_slots
                0x0000000000033f74       0x34 secure_fw/partitions/crypto/mbedcrypto/nrf_security_src/core/nrf_oberon/libpsa_core.a(psa_crypto_slot_management.o)
                0x0000000000033f74                psa_wipe_all_key_slots
 .text.nrf_cc3xx_platform_init_hmac_drbg
                0x0000000000033fa8       0x44 /home/olofjohnsson/ncs/v3.1.1/nrfxlib/crypto/nrf_cc310_platform/lib/cortex-m33/soft-float/no-interrupts/libnrf_cc310_platform_0.9.19.a(nrf_cc3xx_platform.c.obj)
                0x0000000000033fa8                nrf_cc3xx_platform_init_hmac_drbg
 .text.nrf_cc3xx_platform_hmac_drbg_init
                0x0000000000033fec       0x60 /home/olofjohnsson/ncs/v3.1.1/nrfxlib/crypto/nrf_cc310_platform/lib/cortex-m33/soft-float/no-interrupts/libnrf_cc310_platform_0.9.19.a(nrf_cc3xx_platform_hmac_drbg.c.obj)
                0x0000000000033fec                nrf_cc3xx_platform_hmac_drbg_init
 .text.nrf_cc3xx_platform_hmac_drbg_get
                0x000000000003404c       0x44 /home/olofjohnsson/ncs/v3.1.1/nrfxlib/crypto/nrf_cc310_platform/lib/cortex-m33/soft-float/no-interrupts/libnrf_cc310_platform_0.9.19.a(nrf_cc3xx_platform_hmac_drbg.c.obj)
                0x000000000003404c                nrf_cc3xx_platform_hmac_drbg_get
 .text.mbedtls_zeroize_internal
                0x0000000000034090       0x14 /home/olofjohnsson/ncs/v3.1.1/nrfxlib/crypto/nrf_cc310_platform/lib/cortex-m33/soft-float/no-interrupts/libnrf_cc310_platform_0.9.19.a(mbedtls_common.c.obj)
                0x0000000000034090                mbedtls_zeroize_internal
 .text.cc_mbedtls_platform_zeroize
                0x00000000000340a4       0x14 /home/olofjohnsson/ncs/v3.1.1/nrfxlib/crypto/nrf_cc310_platform/lib/cortex-m33/soft-float/no-interrupts/libnrf_cc310_platform_0.9.19.a(mbedtls_common.c.obj)
                0x00000000000340a4                cc_mbedtls_platform_zeroize
 .text.entropy_update
                0x00000000000340b8       0x7c /home/olofjohnsson/ncs/v3.1.1/nrfxlib/crypto/nrf_cc310_platform/lib/cortex-m33/soft-float/no-interrupts/libnrf_cc310_platform_0.9.19.a(custom_entropy.c.obj)
 .text.entropy_gather_internal.part.0
                0x0000000000034134       0x88 /home/olofjohnsson/ncs/v3.1.1/nrfxlib/crypto/nrf_cc310_platform/lib/cortex-m33/soft-float/no-interrupts/libnrf_cc310_platform_0.9.19.a(custom_entropy.c.obj)
 .text.cc_mbedtls_entropy_init
                0x00000000000341bc       0x84 /home/olofjohnsson/ncs/v3.1.1/nrfxlib/crypto/nrf_cc310_platform/lib/cortex-m33/soft-float/no-interrupts/libnrf_cc310_platform_0.9.19.a(custom_entropy.c.obj)
                0x00000000000341bc                cc_mbedtls_entropy_init
 .text.cc_mbedtls_entropy_func
                0x0000000000034240      0x110 /home/olofjohnsson/ncs/v3.1.1/nrfxlib/crypto/nrf_cc310_platform/lib/cortex-m33/soft-float/no-interrupts/libnrf_cc310_platform_0.9.19.a(custom_entropy.c.obj)
                0x0000000000034240                cc_mbedtls_entropy_func
 .text.cc_hmac_sha256_starts.constprop.0
                0x0000000000034350      0x108 /home/olofjohnsson/ncs/v3.1.1/nrfxlib/crypto/nrf_cc310_platform/lib/cortex-m33/soft-float/no-interrupts/libnrf_cc310_platform_0.9.19.a(hmac_drbg_alt.c.obj)
 .text.cc_mbedtls_hmac_drbg_init
                0x0000000000034458       0x28 /home/olofjohnsson/ncs/v3.1.1/nrfxlib/crypto/nrf_cc310_platform/lib/cortex-m33/soft-float/no-interrupts/libnrf_cc310_platform_0.9.19.a(hmac_drbg_alt.c.obj)
                0x0000000000034458                cc_mbedtls_hmac_drbg_init
 .text.cc_mbedtls_hmac_drbg_update
                0x0000000000034480      0x170 /home/olofjohnsson/ncs/v3.1.1/nrfxlib/crypto/nrf_cc310_platform/lib/cortex-m33/soft-float/no-interrupts/libnrf_cc310_platform_0.9.19.a(hmac_drbg_alt.c.obj)
                0x0000000000034480                cc_mbedtls_hmac_drbg_update
 .text.cc_hmac_drbg_reseed_core
                0x00000000000345f0       0xac /home/olofjohnsson/ncs/v3.1.1/nrfxlib/crypto/nrf_cc310_platform/lib/cortex-m33/soft-float/no-interrupts/libnrf_cc310_platform_0.9.19.a(hmac_drbg_alt.c.obj)
 .text.cc_mbedtls_hmac_drbg_seed
                0x000000000003469c       0x54 /home/olofjohnsson/ncs/v3.1.1/nrfxlib/crypto/nrf_cc310_platform/lib/cortex-m33/soft-float/no-interrupts/libnrf_cc310_platform_0.9.19.a(hmac_drbg_alt.c.obj)
                0x000000000003469c                cc_mbedtls_hmac_drbg_seed
 .text.cc_mbedtls_hmac_drbg_random_with_add
                0x00000000000346f0      0x144 /home/olofjohnsson/ncs/v3.1.1/nrfxlib/crypto/nrf_cc310_platform/lib/cortex-m33/soft-float/no-interrupts/libnrf_cc310_platform_0.9.19.a(hmac_drbg_alt.c.obj)
                0x00000000000346f0                cc_mbedtls_hmac_drbg_random_with_add
 .text.RndStartupTest.constprop.0
                0x0000000000034834       0x98 /home/olofjohnsson/ncs/v3.1.1/nrfxlib/crypto/nrf_cc310_platform/lib/cortex-m33/soft-float/no-interrupts/libnrf_cc310_platform_0.9.19.a(cc_lib.c.obj)
 .text.CC_LibInit_HMAC_DRBG
                0x00000000000348cc       0xc0 /home/olofjohnsson/ncs/v3.1.1/nrfxlib/crypto/nrf_cc310_platform/lib/cortex-m33/soft-float/no-interrupts/libnrf_cc310_platform_0.9.19.a(cc_lib.c.obj)
                0x00000000000348cc                CC_LibInit_HMAC_DRBG
 .text.CC_HalInit
                0x000000000003498c        0x4 /home/olofjohnsson/ncs/v3.1.1/nrfxlib/crypto/nrf_cc310_platform/lib/cortex-m33/soft-float/no-interrupts/libnrf_cc310_platform_0.9.19.a(cc_hal.c.obj)
                0x000000000003498c                CC_HalInit
 .text.CC_HalTerminate
                0x0000000000034990        0x4 /home/olofjohnsson/ncs/v3.1.1/nrfxlib/crypto/nrf_cc310_platform/lib/cortex-m33/soft-float/no-interrupts/libnrf_cc310_platform_0.9.19.a(cc_hal.c.obj)
                0x0000000000034990                CC_HalTerminate
 .text.CC_HalClearInterruptBit
                0x0000000000034994       0x1c /home/olofjohnsson/ncs/v3.1.1/nrfxlib/crypto/nrf_cc310_platform/lib/cortex-m33/soft-float/no-interrupts/libnrf_cc310_platform_0.9.19.a(cc_hal.c.obj)
                0x0000000000034994                CC_HalClearInterruptBit
 .text.CC_HalMaskInterrupt
                0x00000000000349b0        0xc /home/olofjohnsson/ncs/v3.1.1/nrfxlib/crypto/nrf_cc310_platform/lib/cortex-m33/soft-float/no-interrupts/libnrf_cc310_platform_0.9.19.a(cc_hal.c.obj)
                0x00000000000349b0                CC_HalMaskInterrupt
 .text.CC_HalWaitInterrupt
                0x00000000000349bc        0xc /home/olofjohnsson/ncs/v3.1.1/nrfxlib/crypto/nrf_cc310_platform/lib/cortex-m33/soft-float/no-interrupts/libnrf_cc310_platform_0.9.19.a(cc_hal.c.obj)
                0x00000000000349bc                CC_HalWaitInterrupt
 .text.CC_HalWaitInterruptRND
                0x00000000000349c8        0xc /home/olofjohnsson/ncs/v3.1.1/nrfxlib/crypto/nrf_cc310_platform/lib/cortex-m33/soft-float/no-interrupts/libnrf_cc310_platform_0.9.19.a(cc_hal.c.obj)
                0x00000000000349c8                CC_HalWaitInterruptRND
 .text.CC_PalInit
                0x00000000000349d4       0x5c /home/olofjohnsson/ncs/v3.1.1/nrfxlib/crypto/nrf_cc310_platform/lib/cortex-m33/soft-float/no-interrupts/libnrf_cc310_platform_0.9.19.a(cc_pal.c.obj)
                0x00000000000349d4                CC_PalInit
 .text.CC_PalTerminate
                0x0000000000034a30       0x34 /home/olofjohnsson/ncs/v3.1.1/nrfxlib/crypto/nrf_cc310_platform/lib/cortex-m33/soft-float/no-interrupts/libnrf_cc310_platform_0.9.19.a(cc_pal.c.obj)
                0x0000000000034a30                CC_PalTerminate
 .text.CC_PalDmaInit
                0x0000000000034a64        0x4 /home/olofjohnsson/ncs/v3.1.1/nrfxlib/crypto/nrf_cc310_platform/lib/cortex-m33/soft-float/no-interrupts/libnrf_cc310_platform_0.9.19.a(cc_pal_dma.c.obj)
                0x0000000000034a64                CC_PalDmaInit
 .text.CC_PalDmaTerminate
                0x0000000000034a68        0x4 /home/olofjohnsson/ncs/v3.1.1/nrfxlib/crypto/nrf_cc310_platform/lib/cortex-m33/soft-float/no-interrupts/libnrf_cc310_platform_0.9.19.a(cc_pal_dma.c.obj)
                0x0000000000034a68                CC_PalDmaTerminate
 .text.CC_PalWaitInterruptRND
                0x0000000000034a6c       0x2c /home/olofjohnsson/ncs/v3.1.1/nrfxlib/crypto/nrf_cc310_platform/lib/cortex-m33/soft-float/no-interrupts/libnrf_cc310_platform_0.9.19.a(cc_pal_interrupt_ctrl.c.obj)
                0x0000000000034a6c                CC_PalWaitInterruptRND
 .text.CC_PalWaitInterrupt
                0x0000000000034a98       0x18 /home/olofjohnsson/ncs/v3.1.1/nrfxlib/crypto/nrf_cc310_platform/lib/cortex-m33/soft-float/no-interrupts/libnrf_cc310_platform_0.9.19.a(cc_pal_interrupt_ctrl.c.obj)
                0x0000000000034a98                CC_PalWaitInterrupt
 .text.CC_PalMemCopyPlat
                0x0000000000034ab0        0x4 /home/olofjohnsson/ncs/v3.1.1/nrfxlib/crypto/nrf_cc310_platform/lib/cortex-m33/soft-float/no-interrupts/libnrf_cc310_platform_0.9.19.a(cc_pal_mem.c.obj)
                0x0000000000034ab0                CC_PalMemCopyPlat
 .text.CC_PalMemSetZeroPlat
                0x0000000000034ab4        0x8 /home/olofjohnsson/ncs/v3.1.1/nrfxlib/crypto/nrf_cc310_platform/lib/cortex-m33/soft-float/no-interrupts/libnrf_cc310_platform_0.9.19.a(cc_pal_mem.c.obj)
                0x0000000000034ab4                CC_PalMemSetZeroPlat
 .text.CC_PalMutexCreate
                0x0000000000034abc       0x14 /home/olofjohnsson/ncs/v3.1.1/nrfxlib/crypto/nrf_cc310_platform/lib/cortex-m33/soft-float/no-interrupts/libnrf_cc310_platform_0.9.19.a(cc_pal_mutex.c.obj)
                0x0000000000034abc                CC_PalMutexCreate
 .text.CC_PalMutexDestroy
                0x0000000000034ad0       0x14 /home/olofjohnsson/ncs/v3.1.1/nrfxlib/crypto/nrf_cc310_platform/lib/cortex-m33/soft-float/no-interrupts/libnrf_cc310_platform_0.9.19.a(cc_pal_mutex.c.obj)
                0x0000000000034ad0                CC_PalMutexDestroy
 .text.CC_PalMutexLock
                0x0000000000034ae4       0x10 /home/olofjohnsson/ncs/v3.1.1/nrfxlib/crypto/nrf_cc310_platform/lib/cortex-m33/soft-float/no-interrupts/libnrf_cc310_platform_0.9.19.a(cc_pal_mutex.c.obj)
                0x0000000000034ae4                CC_PalMutexLock
 .text.CC_PalMutexUnlock
                0x0000000000034af4       0x14 /home/olofjohnsson/ncs/v3.1.1/nrfxlib/crypto/nrf_cc310_platform/lib/cortex-m33/soft-float/no-interrupts/libnrf_cc310_platform_0.9.19.a(cc_pal_mutex.c.obj)
                0x0000000000034af4                CC_PalMutexUnlock
 .text.CC_PalPowerSaveModeInit
                0x0000000000034b08       0x3c /home/olofjohnsson/ncs/v3.1.1/nrfxlib/crypto/nrf_cc310_platform/lib/cortex-m33/soft-float/no-interrupts/libnrf_cc310_platform_0.9.19.a(cc_pal_pm.c.obj)
                0x0000000000034b08                CC_PalPowerSaveModeInit
 .text.CC_PalPowerSaveModeSelect
                0x0000000000034b44       0x84 /home/olofjohnsson/ncs/v3.1.1/nrfxlib/crypto/nrf_cc310_platform/lib/cortex-m33/soft-float/no-interrupts/libnrf_cc310_platform_0.9.19.a(cc_pal_pm.c.obj)
                0x0000000000034b44                CC_PalPowerSaveModeSelect
 .text.mutex_init
                0x0000000000034bc8        0xc /home/olofjohnsson/ncs/v3.1.1/nrfxlib/crypto/nrf_cc310_platform/lib/cortex-m33/soft-float/no-interrupts/libnrf_cc310_platform_0.9.19.a(threading_alt.c.obj)
                0x0000000000034bc8                mutex_init
 .text.mutex_lock
                0x0000000000034bd4        0xc /home/olofjohnsson/ncs/v3.1.1/nrfxlib/crypto/nrf_cc310_platform/lib/cortex-m33/soft-float/no-interrupts/libnrf_cc310_platform_0.9.19.a(threading_alt.c.obj)
                0x0000000000034bd4                mutex_lock
 .text.mutex_unlock
                0x0000000000034be0        0xc /home/olofjohnsson/ncs/v3.1.1/nrfxlib/crypto/nrf_cc310_platform/lib/cortex-m33/soft-float/no-interrupts/libnrf_cc310_platform_0.9.19.a(threading_alt.c.obj)
                0x0000000000034be0                mutex_unlock
 .text.nrf_cc3xx_platform_abort
                0x0000000000034bec       0x24 /home/olofjohnsson/ncs/v3.1.1/nrfxlib/crypto/nrf_cc310_platform/lib/cortex-m33/soft-float/no-interrupts/libnrf_cc310_platform_0.9.19.a(nrf_cc3xx_platform_abort.c.obj)
 .text.CC_PalAbort
                0x0000000000034c10       0x34 /home/olofjohnsson/ncs/v3.1.1/nrfxlib/crypto/nrf_cc310_platform/lib/cortex-m33/soft-float/no-interrupts/libnrf_cc310_platform_0.9.19.a(nrf_cc3xx_platform_abort.c.obj)
                0x0000000000034c10                CC_PalAbort
 .text.mutex_free
                0x0000000000034c44       0x34 /home/olofjohnsson/ncs/v3.1.1/nrfxlib/crypto/nrf_cc310_platform/lib/cortex-m33/soft-float/no-interrupts/libnrf_cc310_platform_0.9.19.a(nrf_cc3xx_platform_mutex.c.obj)
 .text.mutex_lock
                0x0000000000034c78       0x48 /home/olofjohnsson/ncs/v3.1.1/nrfxlib/crypto/nrf_cc310_platform/lib/cortex-m33/soft-float/no-interrupts/libnrf_cc310_platform_0.9.19.a(nrf_cc3xx_platform_mutex.c.obj)
 .text.mutex_unlock
                0x0000000000034cc0       0x38 /home/olofjohnsson/ncs/v3.1.1/nrfxlib/crypto/nrf_cc310_platform/lib/cortex-m33/soft-float/no-interrupts/libnrf_cc310_platform_0.9.19.a(nrf_cc3xx_platform_mutex.c.obj)
 .text.mutex_init
                0x0000000000034cf8       0x20 /home/olofjohnsson/ncs/v3.1.1/nrfxlib/crypto/nrf_cc310_platform/lib/cortex-m33/soft-float/no-interrupts/libnrf_cc310_platform_0.9.19.a(nrf_cc3xx_platform_mutex.c.obj)
 .text.startTrngHW
                0x0000000000034d18      0x140 /home/olofjohnsson/ncs/v3.1.1/nrfxlib/crypto/nrf_cc310_platform/lib/cortex-m33/soft-float/no-interrupts/libnrf_cc310_platform_0.9.19.a(llf_rnd_trng90b.c.obj)
 .text.LLF_RND_RepetitionCounterTest
                0x0000000000034e58       0x64 /home/olofjohnsson/ncs/v3.1.1/nrfxlib/crypto/nrf_cc310_platform/lib/cortex-m33/soft-float/no-interrupts/libnrf_cc310_platform_0.9.19.a(llf_rnd_trng90b.c.obj)
                0x0000000000034e58                LLF_RND_RepetitionCounterTest
 .text.LLF_RND_AdaptiveProportionTest
                0x0000000000034ebc       0x80 /home/olofjohnsson/ncs/v3.1.1/nrfxlib/crypto/nrf_cc310_platform/lib/cortex-m33/soft-float/no-interrupts/libnrf_cc310_platform_0.9.19.a(llf_rnd_trng90b.c.obj)
                0x0000000000034ebc                LLF_RND_AdaptiveProportionTest
 .text.getTrngSource
                0x0000000000034f3c      0x2b4 /home/olofjohnsson/ncs/v3.1.1/nrfxlib/crypto/nrf_cc310_platform/lib/cortex-m33/soft-float/no-interrupts/libnrf_cc310_platform_0.9.19.a(llf_rnd_trng90b.c.obj)
 .text.LLF_RND_GetTrngSource
                0x00000000000351f0       0x18 /home/olofjohnsson/ncs/v3.1.1/nrfxlib/crypto/nrf_cc310_platform/lib/cortex-m33/soft-float/no-interrupts/libnrf_cc310_platform_0.9.19.a(llf_rnd_trng90b.c.obj)
                0x00000000000351f0                LLF_RND_GetTrngSource
 .text.LLF_RND_RunTrngStartupTest
                0x0000000000035208       0x1c /home/olofjohnsson/ncs/v3.1.1/nrfxlib/crypto/nrf_cc310_platform/lib/cortex-m33/soft-float/no-interrupts/libnrf_cc310_platform_0.9.19.a(llf_rnd_trng90b.c.obj)
                0x0000000000035208                LLF_RND_RunTrngStartupTest
 .text.mbedtls_hardware_poll
                0x0000000000035224       0xfc /home/olofjohnsson/ncs/v3.1.1/nrfxlib/crypto/nrf_cc310_platform/lib/cortex-m33/soft-float/no-interrupts/libnrf_cc310_platform_0.9.19.a(trng_api.c.obj)
                0x0000000000035224                mbedtls_hardware_poll
 .text.cc_mbedtls_sha256_init
                0x0000000000035320       0x28 /home/olofjohnsson/ncs/v3.1.1/nrfxlib/crypto/nrf_cc310_platform/lib/cortex-m33/soft-float/no-interrupts/libnrf_cc310_platform_0.9.19.a(sha256_alt.c.obj)
                0x0000000000035320                cc_mbedtls_sha256_init
 .text.cc_mbedtls_sha256_free
                0x0000000000035348        0xc /home/olofjohnsson/ncs/v3.1.1/nrfxlib/crypto/nrf_cc310_platform/lib/cortex-m33/soft-float/no-interrupts/libnrf_cc310_platform_0.9.19.a(sha256_alt.c.obj)
                0x0000000000035348                cc_mbedtls_sha256_free
 .text.cc_mbedtls_sha256_starts
                0x0000000000035354       0x28 /home/olofjohnsson/ncs/v3.1.1/nrfxlib/crypto/nrf_cc310_platform/lib/cortex-m33/soft-float/no-interrupts/libnrf_cc310_platform_0.9.19.a(sha256_alt.c.obj)
                0x0000000000035354                cc_mbedtls_sha256_starts
 .text.cc_mbedtls_sha256_update
                0x000000000003537c       0x54 /home/olofjohnsson/ncs/v3.1.1/nrfxlib/crypto/nrf_cc310_platform/lib/cortex-m33/soft-float/no-interrupts/libnrf_cc310_platform_0.9.19.a(sha256_alt.c.obj)
                0x000000000003537c                cc_mbedtls_sha256_update
 .text.cc_mbedtls_sha256_finish
                0x00000000000353d0       0x48 /home/olofjohnsson/ncs/v3.1.1/nrfxlib/crypto/nrf_cc310_platform/lib/cortex-m33/soft-float/no-interrupts/libnrf_cc310_platform_0.9.19.a(sha256_alt.c.obj)
                0x00000000000353d0                cc_mbedtls_sha256_finish
 .text.mbedtls_sha_starts_internal
                0x0000000000035418       0x28 /home/olofjohnsson/ncs/v3.1.1/nrfxlib/crypto/nrf_cc310_platform/lib/cortex-m33/soft-float/no-interrupts/libnrf_cc310_platform_0.9.19.a(mbedtls_hash_common.c.obj)
                0x0000000000035418                mbedtls_sha_starts_internal
 .text.mbedtls_sha_finish_internal
                0x0000000000035440       0x5c /home/olofjohnsson/ncs/v3.1.1/nrfxlib/crypto/nrf_cc310_platform/lib/cortex-m33/soft-float/no-interrupts/libnrf_cc310_platform_0.9.19.a(mbedtls_hash_common.c.obj)
                0x0000000000035440                mbedtls_sha_finish_internal
 .text.mbedtls_sha_update_internal
                0x000000000003549c      0x1ec /home/olofjohnsson/ncs/v3.1.1/nrfxlib/crypto/nrf_cc310_platform/lib/cortex-m33/soft-float/no-interrupts/libnrf_cc310_platform_0.9.19.a(mbedtls_hash_common.c.obj)
                0x000000000003549c                mbedtls_sha_update_internal
 .text.cc_mbedtls_sha256
                0x0000000000035688       0x50 /home/olofjohnsson/ncs/v3.1.1/nrfxlib/crypto/nrf_cc310_platform/lib/cortex-m33/soft-float/no-interrupts/libnrf_cc310_platform_0.9.19.a(sha256.c.obj)
                0x0000000000035688                cc_mbedtls_sha256
 .text.RNG_PLAT_SetUserRngParameters
                0x00000000000356d8       0x74 /home/olofjohnsson/ncs/v3.1.1/nrfxlib/crypto/nrf_cc310_platform/lib/cortex-m33/soft-float/no-interrupts/libnrf_cc310_platform_0.9.19.a(cc_rng_plat.c.obj)
                0x00000000000356d8                RNG_PLAT_SetUserRngParameters
 .text.CC_PalTrngParamGet
                0x000000000003574c      0x114 /home/olofjohnsson/ncs/v3.1.1/nrfxlib/crypto/nrf_cc310_platform/lib/cortex-m33/soft-float/no-interrupts/libnrf_cc310_platform_0.9.19.a(cc_pal_trng.c.obj)
                0x000000000003574c                CC_PalTrngParamGet
 .text.LLF_RND_WaitRngInterrupt
                0x0000000000035860       0x20 /home/olofjohnsson/ncs/v3.1.1/nrfxlib/crypto/nrf_cc310_platform/lib/cortex-m33/soft-float/no-interrupts/libnrf_cc310_platform_0.9.19.a(llf_rnd.c.obj)
                0x0000000000035860                LLF_RND_WaitRngInterrupt
 .text.LLF_RND_GetRoscSampleCnt
                0x0000000000035880       0x34 /home/olofjohnsson/ncs/v3.1.1/nrfxlib/crypto/nrf_cc310_platform/lib/cortex-m33/soft-float/no-interrupts/libnrf_cc310_platform_0.9.19.a(llf_rnd.c.obj)
                0x0000000000035880                LLF_RND_GetRoscSampleCnt
 .text.LLF_RND_GetFastestRosc
                0x00000000000358b4       0x20 /home/olofjohnsson/ncs/v3.1.1/nrfxlib/crypto/nrf_cc310_platform/lib/cortex-m33/soft-float/no-interrupts/libnrf_cc310_platform_0.9.19.a(llf_rnd.c.obj)
                0x00000000000358b4                LLF_RND_GetFastestRosc
 .text.LLF_RND_TurnOffTrng
                0x00000000000358d4       0x18 /home/olofjohnsson/ncs/v3.1.1/nrfxlib/crypto/nrf_cc310_platform/lib/cortex-m33/soft-float/no-interrupts/libnrf_cc310_platform_0.9.19.a(llf_rnd.c.obj)
                0x00000000000358d4                LLF_RND_TurnOffTrng
 .text.SetDataBuffersInfo
                0x00000000000358ec       0x68 /home/olofjohnsson/ncs/v3.1.1/nrfxlib/crypto/nrf_cc310_platform/lib/cortex-m33/soft-float/no-interrupts/libnrf_cc310_platform_0.9.19.a(driver_common.c.obj)
                0x00000000000358ec                SetDataBuffersInfo
 .text.InitHashDrv
                0x0000000000035954       0x50 /home/olofjohnsson/ncs/v3.1.1/nrfxlib/crypto/nrf_cc310_platform/lib/cortex-m33/soft-float/no-interrupts/libnrf_cc310_platform_0.9.19.a(hash_driver.c.obj)
                0x0000000000035954                InitHashDrv
 .text.ProcessHashDrv
                0x00000000000359a4      0x22c /home/olofjohnsson/ncs/v3.1.1/nrfxlib/crypto/nrf_cc310_platform/lib/cortex-m33/soft-float/no-interrupts/libnrf_cc310_platform_0.9.19.a(hash_driver.c.obj)
                0x00000000000359a4                ProcessHashDrv
 .text.FinishHashDrv
                0x0000000000035bd0       0x74 /home/olofjohnsson/ncs/v3.1.1/nrfxlib/crypto/nrf_cc310_platform/lib/cortex-m33/soft-float/no-interrupts/libnrf_cc310_platform_0.9.19.a(hash_driver.c.obj)
                0x0000000000035bd0                FinishHashDrv
 .text.CC_PalDataBufferAttrGet
                0x0000000000035c44        0x8 /home/olofjohnsson/ncs/v3.1.1/nrfxlib/crypto/nrf_cc310_platform/lib/cortex-m33/soft-float/no-interrupts/libnrf_cc310_platform_0.9.19.a(cc_pal_buff_attr.c.obj)
                0x0000000000035c44                CC_PalDataBufferAttrGet
 .text          0x0000000000035c4c       0xc8 /home/olofjohnsson/ncs/toolchains/b2ecd2435d/opt/zephyr-sdk/arm-zephyr-eabi/bin/../lib/gcc/arm-zephyr-eabi/12.2.0/thumb/v8-m.main/nofp/libgcc.a(cmse.o)
                0x0000000000035c4c                cmse_check_address_range
 .text.exit     0x0000000000035d14       0x28 /home/olofjohnsson/ncs/toolchains/b2ecd2435d/opt/zephyr-sdk/arm-zephyr-eabi/bin/../lib/gcc/arm-zephyr-eabi/12.2.0/../../../../arm-zephyr-eabi/lib/thumb/v8-m.main/nofp/libc_nano.a(lib_a-exit.o)
                0x0000000000035d14                exit
 .text.__libc_init_array
                0x0000000000035d3c       0x48 /home/olofjohnsson/ncs/toolchains/b2ecd2435d/opt/zephyr-sdk/arm-zephyr-eabi/bin/../lib/gcc/arm-zephyr-eabi/12.2.0/../../../../arm-zephyr-eabi/lib/thumb/v8-m.main/nofp/libc_nano.a(lib_a-init.o)
                0x0000000000035d3c                __libc_init_array
 .text._exit    0x0000000000035d84        0x4 /home/olofjohnsson/ncs/toolchains/b2ecd2435d/opt/zephyr-sdk/arm-zephyr-eabi/bin/../lib/gcc/arm-zephyr-eabi/12.2.0/../../../../arm-zephyr-eabi/lib/thumb/v8-m.main/nofp/libnosys.a(_exit.o)
                0x0000000000035d84                _exit
 .text.clear_caller_context
                0x0000000000035d88        0x8 secure_fw/CMakeFiles/tfm_s.dir/partitions/ns_agent_tz/psa_api_veneers_v80m.o
 .text.C_HardFault_Handler
                0x0000000000035d90        0x4 secure_fw/CMakeFiles/tfm_s.dir/__/platform/ext/common/faults.o
                0x0000000000035d90                C_HardFault_Handler
 .text.HardFault_Handler
                0x0000000000035d94       0x1c secure_fw/CMakeFiles/tfm_s.dir/__/platform/ext/common/faults.o
                0x0000000000035d94                HardFault_Handler
 .text.C_MemManage_Handler
                0x0000000000035db0        0x4 secure_fw/CMakeFiles/tfm_s.dir/__/platform/ext/common/faults.o
                0x0000000000035db0                C_MemManage_Handler
 .text.MemManage_Handler
                0x0000000000035db4       0x1c secure_fw/CMakeFiles/tfm_s.dir/__/platform/ext/common/faults.o
                0x0000000000035db4                MemManage_Handler
 .text.C_BusFault_Handler
                0x0000000000035dd0        0x4 secure_fw/CMakeFiles/tfm_s.dir/__/platform/ext/common/faults.o
                0x0000000000035dd0                C_BusFault_Handler
 .text.BusFault_Handler
                0x0000000000035dd4       0x1c secure_fw/CMakeFiles/tfm_s.dir/__/platform/ext/common/faults.o
                0x0000000000035dd4                BusFault_Handler
 .text.C_SecureFault_Handler
                0x0000000000035df0        0x4 secure_fw/CMakeFiles/tfm_s.dir/__/platform/ext/common/faults.o
                0x0000000000035df0                C_SecureFault_Handler
 .text.SecureFault_Handler
                0x0000000000035df4       0x1c secure_fw/CMakeFiles/tfm_s.dir/__/platform/ext/common/faults.o
                0x0000000000035df4                SecureFault_Handler
 .text.C_UsageFault_Handler
                0x0000000000035e10        0x4 secure_fw/CMakeFiles/tfm_s.dir/__/platform/ext/common/faults.o
                0x0000000000035e10                C_UsageFault_Handler
 .text.UsageFault_Handler
                0x0000000000035e14       0x1c secure_fw/CMakeFiles/tfm_s.dir/__/platform/ext/common/faults.o
                0x0000000000035e14                UsageFault_Handler
 .text.memmove  0x0000000000035e30       0x6c secure_fw/partitions/lib/runtime/libtfm_sprt.a(crt_memmove.o)
                0x0000000000035e30                memmove
 .text.memcpy   0x0000000000035e9c       0x4a secure_fw/partitions/lib/runtime/libtfm_sprt.a(crt_memcpy.o)
                0x0000000000035e9c                memcpy
 .text.memset   0x0000000000035ee6       0x46 secure_fw/partitions/lib/runtime/libtfm_sprt.a(crt_memset.o)
                0x0000000000035ee6                memset
 .text.psa_framework_version
                0x0000000000035f2c       0x18 secure_fw/partitions/lib/runtime/libtfm_sprt.a(psa_interface_sfn.o)
                0x0000000000035f2c                psa_framework_version
 .text.psa_version
                0x0000000000035f44       0x1c secure_fw/partitions/lib/runtime/libtfm_sprt.a(psa_interface_sfn.o)
                0x0000000000035f44                psa_version
 .text.psa_read
                0x0000000000035f60       0x2a secure_fw/partitions/lib/runtime/libtfm_sprt.a(psa_interface_sfn.o)
                0x0000000000035f60                psa_read
 .text.psa_write
                0x0000000000035f8a       0x2a secure_fw/partitions/lib/runtime/libtfm_sprt.a(psa_interface_sfn.o)
                0x0000000000035f8a                psa_write
 .text.psa_panic
                0x0000000000035fb4       0x18 secure_fw/partitions/lib/runtime/libtfm_sprt.a(psa_interface_sfn.o)
                0x0000000000035fb4                psa_panic
 .text.platform_calloc_uninit
                0x0000000000035fcc        0x4 secure_fw/partitions/crypto/mbedcrypto/nrf_security_src/core/nrf_oberon/libpsa_core.a(platform.o)
 .text.platform_free_uninit
                0x0000000000035fd0        0x2 secure_fw/partitions/crypto/mbedcrypto/nrf_security_src/core/nrf_oberon/libpsa_core.a(platform.o)
 .text.mbedtls_zeroize_and_free
                0x0000000000035fd2       0x14 secure_fw/partitions/crypto/mbedcrypto/nrf_security_src/core/nrf_oberon/libpsa_core.a(platform_util.o)
                0x0000000000035fd2                mbedtls_zeroize_and_free
 .text.psa_remove_key_data_from_memory
                0x0000000000035fe6       0x16 secure_fw/partitions/crypto/mbedcrypto/nrf_security_src/core/nrf_oberon/libpsa_core.a(psa_crypto.o)
                0x0000000000035fe6                psa_remove_key_data_from_memory
 .text.psa_wipe_key_slot
                0x0000000000035ffc       0x3a secure_fw/partitions/crypto/mbedcrypto/nrf_security_src/core/nrf_oberon/libpsa_core.a(psa_crypto.o)
                0x0000000000035ffc                psa_wipe_key_slot
 .text.psa_driver_wrapper_init
                0x0000000000036036        0x4 secure_fw/partitions/crypto/mbedcrypto/nrf_security_src/core/nrf_oberon/libpsa_core.a(psa_crypto_driver_wrappers.o)
                0x0000000000036036                psa_driver_wrapper_init
 .text.psa_driver_wrapper_free
                0x000000000003603a        0x2 secure_fw/partitions/crypto/mbedcrypto/nrf_security_src/core/nrf_oberon/libpsa_core.a(psa_crypto_driver_wrappers.o)
                0x000000000003603a                psa_driver_wrapper_free
 .text.psa_driver_wrapper_init_random
                0x000000000003603c        0x4 secure_fw/partitions/crypto/mbedcrypto/nrf_security_src/core/nrf_oberon/libpsa_core.a(psa_crypto_driver_wrappers.o)
                0x000000000003603c                psa_driver_wrapper_init_random
 .text.psa_driver_wrapper_get_random
                0x0000000000036040       0x22 secure_fw/partitions/crypto/mbedcrypto/nrf_security_src/core/nrf_oberon/libpsa_core.a(psa_crypto_driver_wrappers.o)
                0x0000000000036040                psa_driver_wrapper_get_random
 .text.psa_driver_wrapper_free_random
                0x0000000000036062        0x4 secure_fw/partitions/crypto/mbedcrypto/nrf_security_src/core/nrf_oberon/libpsa_core.a(psa_crypto_driver_wrappers.o)
                0x0000000000036062                psa_driver_wrapper_free_random
 .text.memcmp   0x0000000000036066       0x20 secure_fw/partitions/lib/runtime/libtfm_sprt.a(crt_memcmp.o)
                0x0000000000036066                memcmp
 .text          0x0000000000036086       0x38 /home/olofjohnsson/ncs/toolchains/b2ecd2435d/opt/zephyr-sdk/arm-zephyr-eabi/bin/../lib/gcc/arm-zephyr-eabi/12.2.0/thumb/v8-m.main/nofp/libgcc.a(cmse_nonsecure_call.o)
                0x0000000000036086                __gnu_cmse_nonsecure_call
 *(.init)
 *fill*         0x00000000000360be        0x2 
 .init          0x00000000000360c0        0x4 /home/olofjohnsson/ncs/toolchains/b2ecd2435d/opt/zephyr-sdk/arm-zephyr-eabi/bin/../lib/gcc/arm-zephyr-eabi/12.2.0/thumb/v8-m.main/nofp/crti.o
                0x00000000000360c0                _init
 .init          0x00000000000360c4        0x8 /home/olofjohnsson/ncs/toolchains/b2ecd2435d/opt/zephyr-sdk/arm-zephyr-eabi/bin/../lib/gcc/arm-zephyr-eabi/12.2.0/thumb/v8-m.main/nofp/crtn.o
 *(.fini)
 .fini          0x00000000000360cc        0x4 /home/olofjohnsson/ncs/toolchains/b2ecd2435d/opt/zephyr-sdk/arm-zephyr-eabi/bin/../lib/gcc/arm-zephyr-eabi/12.2.0/thumb/v8-m.main/nofp/crti.o
                0x00000000000360cc                _fini
 .fini          0x00000000000360d0        0x8 /home/olofjohnsson/ncs/toolchains/b2ecd2435d/opt/zephyr-sdk/arm-zephyr-eabi/bin/../lib/gcc/arm-zephyr-eabi/12.2.0/thumb/v8-m.main/nofp/crtn.o
 *crtbegin.o(.ctors)
 *crtbegin?.o(.ctors)
 *(EXCLUDE_FILE(*crtend.o *crtend?.o) .ctors)
 *(SORT_BY_NAME(.ctors.*))
 *(.ctors)
 *crtbegin.o(.dtors)
 *crtbegin?.o(.dtors)
 *(EXCLUDE_FILE(*crtend.o *crtend?.o) .dtors)
 *(SORT_BY_NAME(.dtors.*))
 *(.dtors)
 *(SORT_BY_ALIGNMENT(.rodata*))
 .rodata.ret_err
                0x00000000000360d8        0x4 secure_fw/CMakeFiles/tfm_s.dir/partitions/ns_agent_tz/psa_api_veneers_v80m.o
                0x00000000000360d8                ret_err
 .rodata.CSWTCH.10
                0x00000000000360dc       0x1c /home/olofjohnsson/ncs/v3.1.1/nrfxlib/crypto/nrf_cc310_platform/lib/cortex-m33/soft-float/no-interrupts/libnrf_cc310_platform_0.9.19.a(nrf_cc3xx_platform.c.obj)
 .rodata.RndStartupTest.constprop.0.str1.4
                0x00000000000360f8       0x6f /home/olofjohnsson/ncs/v3.1.1/nrfxlib/crypto/nrf_cc310_platform/lib/cortex-m33/soft-float/no-interrupts/libnrf_cc310_platform_0.9.19.a(cc_lib.c.obj)
 *fill*         0x0000000000036167        0x1 
 .rodata.CC_PalPowerSaveModeInit.str1.4
                0x0000000000036168       0x20 /home/olofjohnsson/ncs/v3.1.1/nrfxlib/crypto/nrf_cc310_platform/lib/cortex-m33/soft-float/no-interrupts/libnrf_cc310_platform_0.9.19.a(cc_pal_pm.c.obj)
 .rodata.mutex_free.str1.4
                0x0000000000036188       0x26 /home/olofjohnsson/ncs/v3.1.1/nrfxlib/crypto/nrf_cc310_platform/lib/cortex-m33/soft-float/no-interrupts/libnrf_cc310_platform_0.9.19.a(nrf_cc3xx_platform_mutex.c.obj)
 *fill*         0x00000000000361ae        0x2 
 .rodata.mutex_init.str1.4
                0x00000000000361b0       0x23 /home/olofjohnsson/ncs/v3.1.1/nrfxlib/crypto/nrf_cc310_platform/lib/cortex-m33/soft-float/no-interrupts/libnrf_cc310_platform_0.9.19.a(nrf_cc3xx_platform_mutex.c.obj)
 *fill*         0x00000000000361d3        0x1 
 .rodata.mbedtls_hardware_poll.str1.4
                0x00000000000361d4       0x16 /home/olofjohnsson/ncs/v3.1.1/nrfxlib/crypto/nrf_cc310_platform/lib/cortex-m33/soft-float/no-interrupts/libnrf_cc310_platform_0.9.19.a(trng_api.c.obj)
                                         0x6e (size before relaxing)
 *fill*         0x00000000000361ea        0x2 
 .rodata.cc_mbedtls_sha256_init.str1.4
                0x00000000000361ec        0xe /home/olofjohnsson/ncs/v3.1.1/nrfxlib/crypto/nrf_cc310_platform/lib/cortex-m33/soft-float/no-interrupts/libnrf_cc310_platform_0.9.19.a(sha256_alt.c.obj)
 .rodata.ProcessHashDrv.str1.4
                0x00000000000361fa       0x6f /home/olofjohnsson/ncs/v3.1.1/nrfxlib/crypto/nrf_cc310_platform/lib/cortex-m33/soft-float/no-interrupts/libnrf_cc310_platform_0.9.19.a(hash_driver.c.obj)
 *fill*         0x00000000000361fa        0x2 
 .rodata.HASH_LARVAL_SHA256
                0x00000000000361fc       0x20 /home/olofjohnsson/ncs/v3.1.1/nrfxlib/crypto/nrf_cc310_platform/lib/cortex-m33/soft-float/no-interrupts/libnrf_cc310_platform_0.9.19.a(hash_driver.c.obj)
 .rodata.HASH_LARVAL_SHA224
                0x000000000003621c       0x20 /home/olofjohnsson/ncs/v3.1.1/nrfxlib/crypto/nrf_cc310_platform/lib/cortex-m33/soft-float/no-interrupts/libnrf_cc310_platform_0.9.19.a(hash_driver.c.obj)
 .rodata.HASH_LARVAL_SHA1
                0x000000000003623c       0x14 /home/olofjohnsson/ncs/v3.1.1/nrfxlib/crypto/nrf_cc310_platform/lib/cortex-m33/soft-float/no-interrupts/libnrf_cc310_platform_0.9.19.a(hash_driver.c.obj)
 .rodata._global_impure_ptr
                0x0000000000036250        0x4 /home/olofjohnsson/ncs/toolchains/b2ecd2435d/opt/zephyr-sdk/arm-zephyr-eabi/bin/../lib/gcc/arm-zephyr-eabi/12.2.0/../../../../arm-zephyr-eabi/lib/thumb/v8-m.main/nofp/libc_nano.a(lib_a-impure.o)
                0x0000000000036250                _global_impure_ptr
 .rodata.str1.1
                0x0000000000036254        0xb secure_fw/CMakeFiles/tfm_s.dir/__/generated/secure_fw/partitions/crypto/auto_generated/load_info_tfm_crypto.o
 .rodata.str1.1
                0x000000000003625f       0x15 secure_fw/CMakeFiles/tfm_s.dir/__/generated/secure_fw/partitions/platform/auto_generated/load_info_tfm_platform.o
 *(.eh_frame*)
 .eh_frame      0x0000000000036274        0x0 /home/olofjohnsson/ncs/toolchains/b2ecd2435d/opt/zephyr-sdk/arm-zephyr-eabi/bin/../lib/gcc/arm-zephyr-eabi/12.2.0/thumb/v8-m.main/nofp/crtbegin.o
 .eh_frame      0x0000000000036274        0x4 /home/olofjohnsson/ncs/toolchains/b2ecd2435d/opt/zephyr-sdk/arm-zephyr-eabi/bin/../lib/gcc/arm-zephyr-eabi/12.2.0/thumb/v8-m.main/nofp/crtend.o
                0x0000000000036280                . = ALIGN (0x20)
 *fill*         0x0000000000036278        0x8 
                0x0000000000033980                Image$$TFM_UNPRIV_CODE_START$$RO$$Base = ADDR (.TFM_UNPRIV_CODE)
                0x0000000000036280                Image$$TFM_UNPRIV_CODE_END$$RO$$Limit = (ADDR (.TFM_UNPRIV_CODE) + SIZEOF (.TFM_UNPRIV_CODE))

.rel.dyn        0x0000000000036280        0x0
 .rel.iplt      0x0000000000036280        0x0 /home/olofjohnsson/ncs/toolchains/b2ecd2435d/opt/zephyr-sdk/arm-zephyr-eabi/bin/../lib/gcc/arm-zephyr-eabi/12.2.0/thumb/v8-m.main/nofp/crtbegin.o

.gnu.sgstubs    0x0000000000037c00       0x40
 *(.gnu.sgstubs*)
 .gnu.sgstubs.__stub
                0x0000000000037c00       0x28 linker stubs
                0x0000000000037c00                tfm_psa_framework_version_veneer
                0x0000000000037c08                tfm_psa_version_veneer
                0x0000000000037c10                tfm_psa_close_veneer
                0x0000000000037c18                tfm_psa_connect_veneer
                0x0000000000037c20                tfm_psa_call_veneer

.sgstubs_end    0x0000000000038000        0x0
                0x0000000000038000                . = ALIGN (0x20)
                0x0000000000037c40                Image$$PT_RO_END$$Base = .

.tfm_secure_data_start
                0x0000000020000000        0x0
                0x0000000020000000                . = ALIGN (0x4)

.tfm_bl2_shared_data
                0x0000000020000000      0x400
                0x0000000020000400                . = (. + 0x400)
 *fill*         0x0000000020000000      0x400 

.msp_stack      0x0000000020000400      0x7f8
                0x0000000020000bf8                . = (. + (__msp_stack_size__ - 0x8))
 *fill*         0x0000000020000400      0x7f8 
                0x0000000020000400                Image$$ARM_LIB_STACK$$ZI$$Base = ADDR (.msp_stack)
                0x0000000020000bf8                Image$$ARM_LIB_STACK$$ZI$$Limit = (ADDR (.msp_stack) + SIZEOF (.msp_stack))

.msp_stack_seal_res
                0x0000000020000bf8        0x8
                0x0000000020000c00                . = (. + 0x8)
 *fill*         0x0000000020000bf8        0x8 
                0x0000000020000bf8                __StackSeal = ADDR (.msp_stack_seal_res)
                0x0000000020000c00                . = ALIGN (0x20)
                0x0000000020000c00                Image$$TFM_APP_RW_STACK_START$$Base = .

.TFM_APP_ROT_LINKER_DATA
                0x0000000020000c00        0x0 load address 0x0000000000037c40
 *tfm_app_rot_partition*:(SORT_BY_ALIGNMENT(.data*))
 *(TFM_*_APP-ROT_ATTR_RW)
                0x0000000020000c00                . = ALIGN (0x4)
                0x0000000020000c00                Image$$TFM_APP_ROT_LINKER_DATA$$RW$$Base = ADDR (.TFM_APP_ROT_LINKER_DATA)
                0x0000000020000c00                Image$$TFM_APP_ROT_LINKER_DATA$$RW$$Limit = (ADDR (.TFM_APP_ROT_LINKER_DATA) + SIZEOF (.TFM_APP_ROT_LINKER_DATA))

.TFM_APP_ROT_LINKER_BSS